Archive member included to satisfy reference by file (symbol)

c:/program files (x86)/atmel/studio/7.0/toolchain/avr8/avr8-gnu-toolchain/bin/../lib/gcc/avr/5.4.0/avr5\libgcc.a(_udivmodhi4.o)
                              HAL/LM35/LM35.o (__udivmodhi4)
c:/program files (x86)/atmel/studio/7.0/toolchain/avr8/avr8-gnu-toolchain/bin/../lib/gcc/avr/5.4.0/avr5\libgcc.a(_divmodhi4.o)
                              APP/Calculator/Calculator.o (__divmodhi4)
c:/program files (x86)/atmel/studio/7.0/toolchain/avr8/avr8-gnu-toolchain/bin/../lib/gcc/avr/5.4.0/avr5\libgcc.a(_udivmodsi4.o)
                              Services/Timer_Serv/Timer_Serv.o (__udivmodsi4)
c:/program files (x86)/atmel/studio/7.0/toolchain/avr8/avr8-gnu-toolchain/bin/../lib/gcc/avr/5.4.0/avr5\libgcc.a(_divmodsi4.o)
                              HAL/LCD/LCD.o (__divmodsi4)
c:/program files (x86)/atmel/studio/7.0/toolchain/avr8/avr8-gnu-toolchain/bin/../lib/gcc/avr/5.4.0/avr5\libgcc.a(_negsi2.o)
                              c:/program files (x86)/atmel/studio/7.0/toolchain/avr8/avr8-gnu-toolchain/bin/../lib/gcc/avr/5.4.0/avr5\libgcc.a(_divmodsi4.o) (__negsi2)
c:/program files (x86)/atmel/studio/7.0/toolchain/avr8/avr8-gnu-toolchain/bin/../lib/gcc/avr/5.4.0/avr5\libgcc.a(_exit.o)
                              C:/Program Files (x86)/Atmel/Studio/7.0/Packs/atmel/ATmega_DFP/1.7.374/gcc/dev/atmega32/avr5/crtatmega32.o (exit)
c:/program files (x86)/atmel/studio/7.0/toolchain/avr8/avr8-gnu-toolchain/bin/../lib/gcc/avr/5.4.0/avr5\libgcc.a(_copy_data.o)
                              APP/Calculator/Calculator.o (__do_copy_data)
c:/program files (x86)/atmel/studio/7.0/toolchain/avr8/avr8-gnu-toolchain/bin/../lib/gcc/avr/5.4.0/avr5\libgcc.a(_clear_bss.o)
                              APP/Calculator/Calculator.o (__do_clear_bss)
c:/program files (x86)/atmel/studio/7.0/toolchain/avr8/avr8-gnu-toolchain/bin/../lib/gcc/avr/5.4.0/avr5\libgcc.a(_umulhisi3.o)
                              HAL/LDR/LDR.o (__umulhisi3)

Discarded input sections

 .data          0x00000000        0x0 C:/Program Files (x86)/Atmel/Studio/7.0/Packs/atmel/ATmega_DFP/1.7.374/gcc/dev/atmega32/avr5/crtatmega32.o
 .bss           0x00000000        0x0 C:/Program Files (x86)/Atmel/Studio/7.0/Packs/atmel/ATmega_DFP/1.7.374/gcc/dev/atmega32/avr5/crtatmega32.o
 .text          0x00000000        0x0 APP/Calculator/Calculator.o
 .data          0x00000000        0x0 APP/Calculator/Calculator.o
 .bss           0x00000000        0x0 APP/Calculator/Calculator.o
 .rodata.str1.1
                0x00000000       0x19 APP/Calculator/Calculator.o
 .text.Calculator_Init
                0x00000000       0x14 APP/Calculator/Calculator.o
 .text.Calculator_Reset
                0x00000000       0x5a APP/Calculator/Calculator.o
 .text.Calculator_Operation
                0x00000000      0x36a APP/Calculator/Calculator.o
 .bss.op_prioCheck
                0x00000000        0x1 APP/Calculator/Calculator.o
 .bss.opCount   0x00000000        0x1 APP/Calculator/Calculator.o
 .bss.varCount  0x00000000        0x1 APP/Calculator/Calculator.o
 .bss.op_ARR    0x00000000        0x7 APP/Calculator/Calculator.o
 .bss.var_ARR   0x00000000       0x10 APP/Calculator/Calculator.o
 .bss.result    0x00000000        0x4 APP/Calculator/Calculator.o
 .comment       0x00000000       0x31 APP/Calculator/Calculator.o
 .text          0x00000000        0x0 CFG/DIO_CFG.o
 .data          0x00000000        0x0 CFG/DIO_CFG.o
 .bss           0x00000000        0x0 CFG/DIO_CFG.o
 .text          0x00000000        0x0 HAL/KeyPad/KeyPad.o
 .data          0x00000000        0x0 HAL/KeyPad/KeyPad.o
 .bss           0x00000000        0x0 HAL/KeyPad/KeyPad.o
 .text.KeyPad_Init
                0x00000000       0x16 HAL/KeyPad/KeyPad.o
 .text.KeyPad_getKey
                0x00000000       0x94 HAL/KeyPad/KeyPad.o
 .data.Keys_ARR
                0x00000000       0x14 HAL/KeyPad/KeyPad.o
 .comment       0x00000000       0x31 HAL/KeyPad/KeyPad.o
 .text          0x00000000        0x0 HAL/LCD/LCD.o
 .data          0x00000000        0x0 HAL/LCD/LCD.o
 .bss           0x00000000        0x0 HAL/LCD/LCD.o
 .text.LCD_Instruction
                0x00000000       0xc0 HAL/LCD/LCD.o
 .text.LCD_WriteData
                0x00000000       0xc0 HAL/LCD/LCD.o
 .text.LCD_Init
                0x00000000       0x3c HAL/LCD/LCD.o
 .text.LCD_CLR  0x00000000       0x14 HAL/LCD/LCD.o
 .text.LCD_GoTo
                0x00000000       0x28 HAL/LCD/LCD.o
 .text.LCD_WriteChar
                0x00000000        0x4 HAL/LCD/LCD.o
 .text.LCD_WriteString
                0x00000000       0x26 HAL/LCD/LCD.o
 .text.LCD_WriteNumber
                0x00000000      0x108 HAL/LCD/LCD.o
 .text.LCD_WriteBinary
                0x00000000       0x6c HAL/LCD/LCD.o
 .text.LCD_WriteHex
                0x00000000      0x15e HAL/LCD/LCD.o
 .text.LCD_CustomChar
                0x00000000       0x50 HAL/LCD/LCD.o
 .text.LCD_Clear_Position
                0x00000000       0x20 HAL/LCD/LCD.o
 .comment       0x00000000       0x31 HAL/LCD/LCD.o
 .text          0x00000000        0x0 HAL/LDR/LDR.o
 .data          0x00000000        0x0 HAL/LDR/LDR.o
 .bss           0x00000000        0x0 HAL/LDR/LDR.o
 .text.LDR_Init
                0x00000000       0x28 HAL/LDR/LDR.o
 .text.LDR_Read
                0x00000000       0x82 HAL/LDR/LDR.o
 .text.LDR_ASYNCH_Read
                0x00000000       0xae HAL/LDR/LDR.o
 .comment       0x00000000       0x31 HAL/LDR/LDR.o
 .text          0x00000000        0x0 HAL/LM35/LM35.o
 .data          0x00000000        0x0 HAL/LM35/LM35.o
 .bss           0x00000000        0x0 HAL/LM35/LM35.o
 .text.LM35_Init
                0x00000000        0x8 HAL/LM35/LM35.o
 .text.LM35_Read
                0x00000000       0x1e HAL/LM35/LM35.o
 .text.LM35_TakeRead
                0x00000000       0x34 HAL/LM35/LM35.o
 .comment       0x00000000       0x31 HAL/LM35/LM35.o
 .text          0x00000000        0x0 HAL/sevenSeg/sevenSeg.o
 .data          0x00000000        0x0 HAL/sevenSeg/sevenSeg.o
 .bss           0x00000000        0x0 HAL/sevenSeg/sevenSeg.o
 .text.SEG_init
                0x00000000        0x4 HAL/sevenSeg/sevenSeg.o
 .text          0x00000000        0x0 main.o
 .data          0x00000000        0x0 main.o
 .bss           0x00000000        0x0 main.o
 .text          0x00000000        0x0 MCAL/ADC/ADC.o
 .data          0x00000000        0x0 MCAL/ADC/ADC.o
 .bss           0x00000000        0x0 MCAL/ADC/ADC.o
 .text.ADC_Init
                0x00000000       0x2c MCAL/ADC/ADC.o
 .text.ADC_StartConversion
                0x00000000       0x1e MCAL/ADC/ADC.o
 .text.ADC_Read
                0x00000000        0xe MCAL/ADC/ADC.o
 .text.ADC_VoltRead
                0x00000000       0x22 MCAL/ADC/ADC.o
 .text.ADC_GetReadPerodic
                0x00000000       0x1a MCAL/ADC/ADC.o
 .text.ADC_GetRead
                0x00000000        0xa MCAL/ADC/ADC.o
 .text.ADC_GetReadNoblock
                0x00000000        0x6 MCAL/ADC/ADC.o
 .text.ADC_StartConversion_INT
                0x00000000       0x20 MCAL/ADC/ADC.o
 .text.ADC_Read_INT
                0x00000000        0x6 MCAL/ADC/ADC.o
 .text.ADC_SetInterruptCallBack
                0x00000000        0xa MCAL/ADC/ADC.o
 .text          0x00000000        0x0 MCAL/DIO/DIO.o
 .data          0x00000000        0x0 MCAL/DIO/DIO.o
 .bss           0x00000000        0x0 MCAL/DIO/DIO.o
 .text.DIO_ReadPin
                0x00000000       0x3a MCAL/DIO/DIO.o
 .text.DIO_TogglePin
                0x00000000       0x44 MCAL/DIO/DIO.o
 .text.DIO_ReadPort
                0x00000000       0x22 MCAL/DIO/DIO.o
 .text.DIO_TogglePort
                0x00000000       0x30 MCAL/DIO/DIO.o
 .text          0x00000000        0x0 MCAL/EXT_INT/EXT_INT.o
 .data          0x00000000        0x0 MCAL/EXT_INT/EXT_INT.o
 .bss           0x00000000        0x0 MCAL/EXT_INT/EXT_INT.o
 .text.EXI_Enable
                0x00000000       0x20 MCAL/EXT_INT/EXT_INT.o
 .text.EXI_Disable
                0x00000000       0x20 MCAL/EXT_INT/EXT_INT.o
 .text.EXI_TriggerEdge
                0x00000000       0x8c MCAL/EXT_INT/EXT_INT.o
 .text.EXI_Init
                0x00000000       0x18 MCAL/EXT_INT/EXT_INT.o
 .text.EXI_SetCallBack
                0x00000000       0x2a MCAL/EXT_INT/EXT_INT.o
 .text          0x00000000        0x0 MCAL/SPI/SPI.o
 .data          0x00000000        0x0 MCAL/SPI/SPI.o
 .bss           0x00000000        0x0 MCAL/SPI/SPI.o
 .text.SPI_Init
                0x00000000       0x10 MCAL/SPI/SPI.o
 .text.SPI_SendReceive
                0x00000000        0xa MCAL/SPI/SPI.o
 .text.SPI_ReceivePerodic
                0x00000000       0x16 MCAL/SPI/SPI.o
 .text.SPI_SendNoBlock
                0x00000000        0x4 MCAL/SPI/SPI.o
 .text.SPI_ReceiveNoBlock
                0x00000000        0x4 MCAL/SPI/SPI.o
 .text.SPI_voidSetCallBack
                0x00000000        0xa MCAL/SPI/SPI.o
 .text          0x00000000        0x0 MCAL/Timer/Timer.o
 .data          0x00000000        0x0 MCAL/Timer/Timer.o
 .bss           0x00000000        0x0 MCAL/Timer/Timer.o
 .text.TIMER0_Init
                0x00000000       0x40 MCAL/Timer/Timer.o
 .text.TIMER0_OC0Mode
                0x00000000       0x36 MCAL/Timer/Timer.o
 .text.TIMER0_SetCompareValue
                0x00000000        0x4 MCAL/Timer/Timer.o
 .text.TIMER0_SetTimerValue
                0x00000000        0x4 MCAL/Timer/Timer.o
 .text.TIMER0_GetTimerValue
                0x00000000        0x4 MCAL/Timer/Timer.o
 .text.TIMER0_OV_InterruptEnable
                0x00000000        0x8 MCAL/Timer/Timer.o
 .text.TIMER0_OV_InterruptDisable
                0x00000000        0x8 MCAL/Timer/Timer.o
 .text.TIMER0_OC_InterruptEnable
                0x00000000        0x8 MCAL/Timer/Timer.o
 .text.TIMER0_OC_InterruptDisable
                0x00000000        0x8 MCAL/Timer/Timer.o
 .text.TIMER0_OV_SetCallBack
                0x00000000        0xa MCAL/Timer/Timer.o
 .text.TIMER0_OC_SetCallBack
                0x00000000        0xa MCAL/Timer/Timer.o
 .text.Timer1_Init
                0x00000000       0x78 MCAL/Timer/Timer.o
 .text.Timer1_OCRA1Mode
                0x00000000       0x36 MCAL/Timer/Timer.o
 .text.Timer1_OCRB1Mode
                0x00000000       0x36 MCAL/Timer/Timer.o
 .text.Timer1_InputCaptureEdge
                0x00000000       0x16 MCAL/Timer/Timer.o
 .text.TIMER1_SetCompareValueA
                0x00000000        0x6 MCAL/Timer/Timer.o
 .text.TIMER1_SetCompareValueB
                0x00000000        0x6 MCAL/Timer/Timer.o
 .text.TIMER1_SetTimerValue
                0x00000000        0x6 MCAL/Timer/Timer.o
 .text.TIMER1_GetTimerValue
                0x00000000        0x6 MCAL/Timer/Timer.o
 .text.TIMER1_SetICUValue
                0x00000000        0x6 MCAL/Timer/Timer.o
 .text.TIMER1_GetICUValue
                0x00000000        0x6 MCAL/Timer/Timer.o
 .text.Timer1_ICU_InterruptEnable
                0x00000000        0x8 MCAL/Timer/Timer.o
 .text.Timer1_ICU_InterruptDisable
                0x00000000        0x8 MCAL/Timer/Timer.o
 .text.Timer1_OVF_InterruptEnable
                0x00000000        0x8 MCAL/Timer/Timer.o
 .text.Timer1_OVF_InterruptDisable
                0x00000000        0x8 MCAL/Timer/Timer.o
 .text.Timer1_OCA_InterruptEnable
                0x00000000        0x8 MCAL/Timer/Timer.o
 .text.Timer1_OCA_InterruptDisable
                0x00000000        0x8 MCAL/Timer/Timer.o
 .text.Timer1_OCB_InterruptEnable
                0x00000000        0x8 MCAL/Timer/Timer.o
 .text.Timer1_OCB_InterruptDisable
                0x00000000        0x8 MCAL/Timer/Timer.o
 .text.Timer1_OVF_SetCallBack
                0x00000000        0xa MCAL/Timer/Timer.o
 .text.Timer1_OCA_SetCallBack
                0x00000000        0xa MCAL/Timer/Timer.o
 .text.Timer1_OCB_SetCallBack
                0x00000000        0xa MCAL/Timer/Timer.o
 .text.Timer1_ICU_SetCallBack
                0x00000000        0xa MCAL/Timer/Timer.o
 .text.TIMER2_Init
                0x00000000       0x40 MCAL/Timer/Timer.o
 .text.TIMER2_OC2Mode
                0x00000000       0x36 MCAL/Timer/Timer.o
 .text.TIMER2_SetCompareValue
                0x00000000        0x4 MCAL/Timer/Timer.o
 .text.TIMER2_SetTimerValue
                0x00000000        0x4 MCAL/Timer/Timer.o
 .text.TIMER2_GetTimerValue
                0x00000000        0x4 MCAL/Timer/Timer.o
 .text.TIMER2_OV_InterruptEnable
                0x00000000        0x8 MCAL/Timer/Timer.o
 .text.TIMER2_OV_InterruptDisable
                0x00000000        0x8 MCAL/Timer/Timer.o
 .text.TIMER2_OC_InterruptEnable
                0x00000000        0x8 MCAL/Timer/Timer.o
 .text.TIMER2_OC_InterruptDisable
                0x00000000        0x8 MCAL/Timer/Timer.o
 .text.TIMER2_OV_SetCallBack
                0x00000000        0xa MCAL/Timer/Timer.o
 .text.TIMER2_OC_SetCallBack
                0x00000000        0xa MCAL/Timer/Timer.o
 .text          0x00000000        0x0 MCAL/UART/UART.o
 .data          0x00000000        0x0 MCAL/UART/UART.o
 .bss           0x00000000        0x0 MCAL/UART/UART.o
 .text.UART_Init
                0x00000000        0xc MCAL/UART/UART.o
 .text.UART_Send
                0x00000000        0x8 MCAL/UART/UART.o
 .text.UART_SendNoBlock
                0x00000000        0x4 MCAL/UART/UART.o
 .text.UART_ReceiveNoBlock
                0x00000000        0x4 MCAL/UART/UART.o
 .text.UART_Receive
                0x00000000        0x8 MCAL/UART/UART.o
 .text.UART_ReceivePerodic
                0x00000000       0x16 MCAL/UART/UART.o
 .text.UART_RX_InterruptEnable
                0x00000000        0x4 MCAL/UART/UART.o
 .text.UART_RX_InterruptDisable
                0x00000000        0x4 MCAL/UART/UART.o
 .text.UART_TX_InterruptEnable
                0x00000000        0x4 MCAL/UART/UART.o
 .text.UART_TX_InterruptDisable
                0x00000000        0x4 MCAL/UART/UART.o
 .text.UART_RX_SetCallBack
                0x00000000        0xa MCAL/UART/UART.o
 .text.UART_TX_SetCallBack
                0x00000000        0xa MCAL/UART/UART.o
 .text          0x00000000        0x0 Services/Timer_Serv/Timer_Serv.o
 .data          0x00000000        0x0 Services/Timer_Serv/Timer_Serv.o
 .bss           0x00000000        0x0 Services/Timer_Serv/Timer_Serv.o
 .text.Timer_func
                0x00000000       0x5c Services/Timer_Serv/Timer_Serv.o
 .text.Func_ICU
                0x00000000       0x72 Services/Timer_Serv/Timer_Serv.o
 .text.PWM_Freq_KHZ
                0x00000000       0x24 Services/Timer_Serv/Timer_Serv.o
 .text.PWM_Freq_HZ
                0x00000000       0x2c Services/Timer_Serv/Timer_Serv.o
 .text.PWM_Duty
                0x00000000       0x34 Services/Timer_Serv/Timer_Serv.o
 .text.Timer1_SetInterruptTime_ms
                0x00000000       0x24 Services/Timer_Serv/Timer_Serv.o
 .text.Timer1_SetInterruptTime_us
                0x00000000       0x10 Services/Timer_Serv/Timer_Serv.o
 .text.PWM_Measure2
                0x00000000       0xaa Services/Timer_Serv/Timer_Serv.o
 .text.PWM_Measure
                0x00000000      0x110 Services/Timer_Serv/Timer_Serv.o
 .text.Timer1_SetInterruptTime_s
                0x00000000       0x5e Services/Timer_Serv/Timer_Serv.o
 .bss.c.1936    0x00000000        0x4 Services/Timer_Serv/Timer_Serv.o
 .bss.fptr_timer
                0x00000000        0x2 Services/Timer_Serv/Timer_Serv.o
 .bss.NofOverFlow
                0x00000000        0x4 Services/Timer_Serv/Timer_Serv.o
 .bss.flag      0x00000000        0x2 Services/Timer_Serv/Timer_Serv.o
 .bss.t3        0x00000000        0x2 Services/Timer_Serv/Timer_Serv.o
 .bss.t2        0x00000000        0x2 Services/Timer_Serv/Timer_Serv.o
 .bss.t1        0x00000000        0x2 Services/Timer_Serv/Timer_Serv.o
 .comment       0x00000000       0x31 Services/Timer_Serv/Timer_Serv.o
 .text          0x00000000        0x0 c:/program files (x86)/atmel/studio/7.0/toolchain/avr8/avr8-gnu-toolchain/bin/../lib/gcc/avr/5.4.0/avr5\libgcc.a(_udivmodhi4.o)
 .data          0x00000000        0x0 c:/program files (x86)/atmel/studio/7.0/toolchain/avr8/avr8-gnu-toolchain/bin/../lib/gcc/avr/5.4.0/avr5\libgcc.a(_udivmodhi4.o)
 .bss           0x00000000        0x0 c:/program files (x86)/atmel/studio/7.0/toolchain/avr8/avr8-gnu-toolchain/bin/../lib/gcc/avr/5.4.0/avr5\libgcc.a(_udivmodhi4.o)
 .text.libgcc.mul
                0x00000000        0x0 c:/program files (x86)/atmel/studio/7.0/toolchain/avr8/avr8-gnu-toolchain/bin/../lib/gcc/avr/5.4.0/avr5\libgcc.a(_udivmodhi4.o)
 .text.libgcc   0x00000000        0x0 c:/program files (x86)/atmel/studio/7.0/toolchain/avr8/avr8-gnu-toolchain/bin/../lib/gcc/avr/5.4.0/avr5\libgcc.a(_udivmodhi4.o)
 .text.libgcc.prologue
                0x00000000        0x0 c:/program files (x86)/atmel/studio/7.0/toolchain/avr8/avr8-gnu-toolchain/bin/../lib/gcc/avr/5.4.0/avr5\libgcc.a(_udivmodhi4.o)
 .text.libgcc.builtins
                0x00000000        0x0 c:/program files (x86)/atmel/studio/7.0/toolchain/avr8/avr8-gnu-toolchain/bin/../lib/gcc/avr/5.4.0/avr5\libgcc.a(_udivmodhi4.o)
 .text.libgcc.fmul
                0x00000000        0x0 c:/program files (x86)/atmel/studio/7.0/toolchain/avr8/avr8-gnu-toolchain/bin/../lib/gcc/avr/5.4.0/avr5\libgcc.a(_udivmodhi4.o)
 .text.libgcc.fixed
                0x00000000        0x0 c:/program files (x86)/atmel/studio/7.0/toolchain/avr8/avr8-gnu-toolchain/bin/../lib/gcc/avr/5.4.0/avr5\libgcc.a(_udivmodhi4.o)
 .text          0x00000000        0x0 c:/program files (x86)/atmel/studio/7.0/toolchain/avr8/avr8-gnu-toolchain/bin/../lib/gcc/avr/5.4.0/avr5\libgcc.a(_divmodhi4.o)
 .data          0x00000000        0x0 c:/program files (x86)/atmel/studio/7.0/toolchain/avr8/avr8-gnu-toolchain/bin/../lib/gcc/avr/5.4.0/avr5\libgcc.a(_divmodhi4.o)
 .bss           0x00000000        0x0 c:/program files (x86)/atmel/studio/7.0/toolchain/avr8/avr8-gnu-toolchain/bin/../lib/gcc/avr/5.4.0/avr5\libgcc.a(_divmodhi4.o)
 .text.libgcc.mul
                0x00000000        0x0 c:/program files (x86)/atmel/studio/7.0/toolchain/avr8/avr8-gnu-toolchain/bin/../lib/gcc/avr/5.4.0/avr5\libgcc.a(_divmodhi4.o)
 .text.libgcc.div
                0x00000000       0x28 c:/program files (x86)/atmel/studio/7.0/toolchain/avr8/avr8-gnu-toolchain/bin/../lib/gcc/avr/5.4.0/avr5\libgcc.a(_divmodhi4.o)
 .text.libgcc   0x00000000        0x0 c:/program files (x86)/atmel/studio/7.0/toolchain/avr8/avr8-gnu-toolchain/bin/../lib/gcc/avr/5.4.0/avr5\libgcc.a(_divmodhi4.o)
 .text.libgcc.prologue
                0x00000000        0x0 c:/program files (x86)/atmel/studio/7.0/toolchain/avr8/avr8-gnu-toolchain/bin/../lib/gcc/avr/5.4.0/avr5\libgcc.a(_divmodhi4.o)
 .text.libgcc.builtins
                0x00000000        0x0 c:/program files (x86)/atmel/studio/7.0/toolchain/avr8/avr8-gnu-toolchain/bin/../lib/gcc/avr/5.4.0/avr5\libgcc.a(_divmodhi4.o)
 .text.libgcc.fmul
                0x00000000        0x0 c:/program files (x86)/atmel/studio/7.0/toolchain/avr8/avr8-gnu-toolchain/bin/../lib/gcc/avr/5.4.0/avr5\libgcc.a(_divmodhi4.o)
 .text.libgcc.fixed
                0x00000000        0x0 c:/program files (x86)/atmel/studio/7.0/toolchain/avr8/avr8-gnu-toolchain/bin/../lib/gcc/avr/5.4.0/avr5\libgcc.a(_divmodhi4.o)
 .text          0x00000000        0x0 c:/program files (x86)/atmel/studio/7.0/toolchain/avr8/avr8-gnu-toolchain/bin/../lib/gcc/avr/5.4.0/avr5\libgcc.a(_udivmodsi4.o)
 .data          0x00000000        0x0 c:/program files (x86)/atmel/studio/7.0/toolchain/avr8/avr8-gnu-toolchain/bin/../lib/gcc/avr/5.4.0/avr5\libgcc.a(_udivmodsi4.o)
 .bss           0x00000000        0x0 c:/program files (x86)/atmel/studio/7.0/toolchain/avr8/avr8-gnu-toolchain/bin/../lib/gcc/avr/5.4.0/avr5\libgcc.a(_udivmodsi4.o)
 .text.libgcc.mul
                0x00000000        0x0 c:/program files (x86)/atmel/studio/7.0/toolchain/avr8/avr8-gnu-toolchain/bin/../lib/gcc/avr/5.4.0/avr5\libgcc.a(_udivmodsi4.o)
 .text.libgcc.div
                0x00000000       0x44 c:/program files (x86)/atmel/studio/7.0/toolchain/avr8/avr8-gnu-toolchain/bin/../lib/gcc/avr/5.4.0/avr5\libgcc.a(_udivmodsi4.o)
 .text.libgcc   0x00000000        0x0 c:/program files (x86)/atmel/studio/7.0/toolchain/avr8/avr8-gnu-toolchain/bin/../lib/gcc/avr/5.4.0/avr5\libgcc.a(_udivmodsi4.o)
 .text.libgcc.prologue
                0x00000000        0x0 c:/program files (x86)/atmel/studio/7.0/toolchain/avr8/avr8-gnu-toolchain/bin/../lib/gcc/avr/5.4.0/avr5\libgcc.a(_udivmodsi4.o)
 .text.libgcc.builtins
                0x00000000        0x0 c:/program files (x86)/atmel/studio/7.0/toolchain/avr8/avr8-gnu-toolchain/bin/../lib/gcc/avr/5.4.0/avr5\libgcc.a(_udivmodsi4.o)
 .text.libgcc.fmul
                0x00000000        0x0 c:/program files (x86)/atmel/studio/7.0/toolchain/avr8/avr8-gnu-toolchain/bin/../lib/gcc/avr/5.4.0/avr5\libgcc.a(_udivmodsi4.o)
 .text.libgcc.fixed
                0x00000000        0x0 c:/program files (x86)/atmel/studio/7.0/toolchain/avr8/avr8-gnu-toolchain/bin/../lib/gcc/avr/5.4.0/avr5\libgcc.a(_udivmodsi4.o)
 .text          0x00000000        0x0 c:/program files (x86)/atmel/studio/7.0/toolchain/avr8/avr8-gnu-toolchain/bin/../lib/gcc/avr/5.4.0/avr5\libgcc.a(_divmodsi4.o)
 .data          0x00000000        0x0 c:/program files (x86)/atmel/studio/7.0/toolchain/avr8/avr8-gnu-toolchain/bin/../lib/gcc/avr/5.4.0/avr5\libgcc.a(_divmodsi4.o)
 .bss           0x00000000        0x0 c:/program files (x86)/atmel/studio/7.0/toolchain/avr8/avr8-gnu-toolchain/bin/../lib/gcc/avr/5.4.0/avr5\libgcc.a(_divmodsi4.o)
 .text.libgcc.mul
                0x00000000        0x0 c:/program files (x86)/atmel/studio/7.0/toolchain/avr8/avr8-gnu-toolchain/bin/../lib/gcc/avr/5.4.0/avr5\libgcc.a(_divmodsi4.o)
 .text.libgcc.div
                0x00000000       0x2e c:/program files (x86)/atmel/studio/7.0/toolchain/avr8/avr8-gnu-toolchain/bin/../lib/gcc/avr/5.4.0/avr5\libgcc.a(_divmodsi4.o)
 .text.libgcc   0x00000000        0x0 c:/program files (x86)/atmel/studio/7.0/toolchain/avr8/avr8-gnu-toolchain/bin/../lib/gcc/avr/5.4.0/avr5\libgcc.a(_divmodsi4.o)
 .text.libgcc.prologue
                0x00000000        0x0 c:/program files (x86)/atmel/studio/7.0/toolchain/avr8/avr8-gnu-toolchain/bin/../lib/gcc/avr/5.4.0/avr5\libgcc.a(_divmodsi4.o)
 .text.libgcc.builtins
                0x00000000        0x0 c:/program files (x86)/atmel/studio/7.0/toolchain/avr8/avr8-gnu-toolchain/bin/../lib/gcc/avr/5.4.0/avr5\libgcc.a(_divmodsi4.o)
 .text.libgcc.fmul
                0x00000000        0x0 c:/program files (x86)/atmel/studio/7.0/toolchain/avr8/avr8-gnu-toolchain/bin/../lib/gcc/avr/5.4.0/avr5\libgcc.a(_divmodsi4.o)
 .text.libgcc.fixed
                0x00000000        0x0 c:/program files (x86)/atmel/studio/7.0/toolchain/avr8/avr8-gnu-toolchain/bin/../lib/gcc/avr/5.4.0/avr5\libgcc.a(_divmodsi4.o)
 .text          0x00000000        0x0 c:/program files (x86)/atmel/studio/7.0/toolchain/avr8/avr8-gnu-toolchain/bin/../lib/gcc/avr/5.4.0/avr5\libgcc.a(_negsi2.o)
 .data          0x00000000        0x0 c:/program files (x86)/atmel/studio/7.0/toolchain/avr8/avr8-gnu-toolchain/bin/../lib/gcc/avr/5.4.0/avr5\libgcc.a(_negsi2.o)
 .bss           0x00000000        0x0 c:/program files (x86)/atmel/studio/7.0/toolchain/avr8/avr8-gnu-toolchain/bin/../lib/gcc/avr/5.4.0/avr5\libgcc.a(_negsi2.o)
 .text.libgcc.mul
                0x00000000        0x0 c:/program files (x86)/atmel/studio/7.0/toolchain/avr8/avr8-gnu-toolchain/bin/../lib/gcc/avr/5.4.0/avr5\libgcc.a(_negsi2.o)
 .text.libgcc.div
                0x00000000       0x10 c:/program files (x86)/atmel/studio/7.0/toolchain/avr8/avr8-gnu-toolchain/bin/../lib/gcc/avr/5.4.0/avr5\libgcc.a(_negsi2.o)
 .text.libgcc   0x00000000        0x0 c:/program files (x86)/atmel/studio/7.0/toolchain/avr8/avr8-gnu-toolchain/bin/../lib/gcc/avr/5.4.0/avr5\libgcc.a(_negsi2.o)
 .text.libgcc.prologue
                0x00000000        0x0 c:/program files (x86)/atmel/studio/7.0/toolchain/avr8/avr8-gnu-toolchain/bin/../lib/gcc/avr/5.4.0/avr5\libgcc.a(_negsi2.o)
 .text.libgcc.builtins
                0x00000000        0x0 c:/program files (x86)/atmel/studio/7.0/toolchain/avr8/avr8-gnu-toolchain/bin/../lib/gcc/avr/5.4.0/avr5\libgcc.a(_negsi2.o)
 .text.libgcc.fmul
                0x00000000        0x0 c:/program files (x86)/atmel/studio/7.0/toolchain/avr8/avr8-gnu-toolchain/bin/../lib/gcc/avr/5.4.0/avr5\libgcc.a(_negsi2.o)
 .text.libgcc.fixed
                0x00000000        0x0 c:/program files (x86)/atmel/studio/7.0/toolchain/avr8/avr8-gnu-toolchain/bin/../lib/gcc/avr/5.4.0/avr5\libgcc.a(_negsi2.o)
 .text          0x00000000        0x0 c:/program files (x86)/atmel/studio/7.0/toolchain/avr8/avr8-gnu-toolchain/bin/../lib/gcc/avr/5.4.0/avr5\libgcc.a(_exit.o)
 .data          0x00000000        0x0 c:/program files (x86)/atmel/studio/7.0/toolchain/avr8/avr8-gnu-toolchain/bin/../lib/gcc/avr/5.4.0/avr5\libgcc.a(_exit.o)
 .bss           0x00000000        0x0 c:/program files (x86)/atmel/studio/7.0/toolchain/avr8/avr8-gnu-toolchain/bin/../lib/gcc/avr/5.4.0/avr5\libgcc.a(_exit.o)
 .text.libgcc.mul
                0x00000000        0x0 c:/program files (x86)/atmel/studio/7.0/toolchain/avr8/avr8-gnu-toolchain/bin/../lib/gcc/avr/5.4.0/avr5\libgcc.a(_exit.o)
 .text.libgcc.div
                0x00000000        0x0 c:/program files (x86)/atmel/studio/7.0/toolchain/avr8/avr8-gnu-toolchain/bin/../lib/gcc/avr/5.4.0/avr5\libgcc.a(_exit.o)
 .text.libgcc   0x00000000        0x0 c:/program files (x86)/atmel/studio/7.0/toolchain/avr8/avr8-gnu-toolchain/bin/../lib/gcc/avr/5.4.0/avr5\libgcc.a(_exit.o)
 .text.libgcc.prologue
                0x00000000        0x0 c:/program files (x86)/atmel/studio/7.0/toolchain/avr8/avr8-gnu-toolchain/bin/../lib/gcc/avr/5.4.0/avr5\libgcc.a(_exit.o)
 .text.libgcc.builtins
                0x00000000        0x0 c:/program files (x86)/atmel/studio/7.0/toolchain/avr8/avr8-gnu-toolchain/bin/../lib/gcc/avr/5.4.0/avr5\libgcc.a(_exit.o)
 .text.libgcc.fmul
                0x00000000        0x0 c:/program files (x86)/atmel/studio/7.0/toolchain/avr8/avr8-gnu-toolchain/bin/../lib/gcc/avr/5.4.0/avr5\libgcc.a(_exit.o)
 .text.libgcc.fixed
                0x00000000        0x0 c:/program files (x86)/atmel/studio/7.0/toolchain/avr8/avr8-gnu-toolchain/bin/../lib/gcc/avr/5.4.0/avr5\libgcc.a(_exit.o)
 .text          0x00000000        0x0 c:/program files (x86)/atmel/studio/7.0/toolchain/avr8/avr8-gnu-toolchain/bin/../lib/gcc/avr/5.4.0/avr5\libgcc.a(_copy_data.o)
 .data          0x00000000        0x0 c:/program files (x86)/atmel/studio/7.0/toolchain/avr8/avr8-gnu-toolchain/bin/../lib/gcc/avr/5.4.0/avr5\libgcc.a(_copy_data.o)
 .bss           0x00000000        0x0 c:/program files (x86)/atmel/studio/7.0/toolchain/avr8/avr8-gnu-toolchain/bin/../lib/gcc/avr/5.4.0/avr5\libgcc.a(_copy_data.o)
 .text.libgcc.mul
                0x00000000        0x0 c:/program files (x86)/atmel/studio/7.0/toolchain/avr8/avr8-gnu-toolchain/bin/../lib/gcc/avr/5.4.0/avr5\libgcc.a(_copy_data.o)
 .text.libgcc.div
                0x00000000        0x0 c:/program files (x86)/atmel/studio/7.0/toolchain/avr8/avr8-gnu-toolchain/bin/../lib/gcc/avr/5.4.0/avr5\libgcc.a(_copy_data.o)
 .text.libgcc   0x00000000        0x0 c:/program files (x86)/atmel/studio/7.0/toolchain/avr8/avr8-gnu-toolchain/bin/../lib/gcc/avr/5.4.0/avr5\libgcc.a(_copy_data.o)
 .text.libgcc.prologue
                0x00000000        0x0 c:/program files (x86)/atmel/studio/7.0/toolchain/avr8/avr8-gnu-toolchain/bin/../lib/gcc/avr/5.4.0/avr5\libgcc.a(_copy_data.o)
 .text.libgcc.builtins
                0x00000000        0x0 c:/program files (x86)/atmel/studio/7.0/toolchain/avr8/avr8-gnu-toolchain/bin/../lib/gcc/avr/5.4.0/avr5\libgcc.a(_copy_data.o)
 .text.libgcc.fmul
                0x00000000        0x0 c:/program files (x86)/atmel/studio/7.0/toolchain/avr8/avr8-gnu-toolchain/bin/../lib/gcc/avr/5.4.0/avr5\libgcc.a(_copy_data.o)
 .text.libgcc.fixed
                0x00000000        0x0 c:/program files (x86)/atmel/studio/7.0/toolchain/avr8/avr8-gnu-toolchain/bin/../lib/gcc/avr/5.4.0/avr5\libgcc.a(_copy_data.o)
 .text          0x00000000        0x0 c:/program files (x86)/atmel/studio/7.0/toolchain/avr8/avr8-gnu-toolchain/bin/../lib/gcc/avr/5.4.0/avr5\libgcc.a(_clear_bss.o)
 .data          0x00000000        0x0 c:/program files (x86)/atmel/studio/7.0/toolchain/avr8/avr8-gnu-toolchain/bin/../lib/gcc/avr/5.4.0/avr5\libgcc.a(_clear_bss.o)
 .bss           0x00000000        0x0 c:/program files (x86)/atmel/studio/7.0/toolchain/avr8/avr8-gnu-toolchain/bin/../lib/gcc/avr/5.4.0/avr5\libgcc.a(_clear_bss.o)
 .text.libgcc.mul
                0x00000000        0x0 c:/program files (x86)/atmel/studio/7.0/toolchain/avr8/avr8-gnu-toolchain/bin/../lib/gcc/avr/5.4.0/avr5\libgcc.a(_clear_bss.o)
 .text.libgcc.div
                0x00000000        0x0 c:/program files (x86)/atmel/studio/7.0/toolchain/avr8/avr8-gnu-toolchain/bin/../lib/gcc/avr/5.4.0/avr5\libgcc.a(_clear_bss.o)
 .text.libgcc   0x00000000        0x0 c:/program files (x86)/atmel/studio/7.0/toolchain/avr8/avr8-gnu-toolchain/bin/../lib/gcc/avr/5.4.0/avr5\libgcc.a(_clear_bss.o)
 .text.libgcc.prologue
                0x00000000        0x0 c:/program files (x86)/atmel/studio/7.0/toolchain/avr8/avr8-gnu-toolchain/bin/../lib/gcc/avr/5.4.0/avr5\libgcc.a(_clear_bss.o)
 .text.libgcc.builtins
                0x00000000        0x0 c:/program files (x86)/atmel/studio/7.0/toolchain/avr8/avr8-gnu-toolchain/bin/../lib/gcc/avr/5.4.0/avr5\libgcc.a(_clear_bss.o)
 .text.libgcc.fmul
                0x00000000        0x0 c:/program files (x86)/atmel/studio/7.0/toolchain/avr8/avr8-gnu-toolchain/bin/../lib/gcc/avr/5.4.0/avr5\libgcc.a(_clear_bss.o)
 .text.libgcc.fixed
                0x00000000        0x0 c:/program files (x86)/atmel/studio/7.0/toolchain/avr8/avr8-gnu-toolchain/bin/../lib/gcc/avr/5.4.0/avr5\libgcc.a(_clear_bss.o)
 .text          0x00000000        0x0 c:/program files (x86)/atmel/studio/7.0/toolchain/avr8/avr8-gnu-toolchain/bin/../lib/gcc/avr/5.4.0/avr5\libgcc.a(_umulhisi3.o)
 .data          0x00000000        0x0 c:/program files (x86)/atmel/studio/7.0/toolchain/avr8/avr8-gnu-toolchain/bin/../lib/gcc/avr/5.4.0/avr5\libgcc.a(_umulhisi3.o)
 .bss           0x00000000        0x0 c:/program files (x86)/atmel/studio/7.0/toolchain/avr8/avr8-gnu-toolchain/bin/../lib/gcc/avr/5.4.0/avr5\libgcc.a(_umulhisi3.o)
 .text.libgcc.mul
                0x00000000       0x1e c:/program files (x86)/atmel/studio/7.0/toolchain/avr8/avr8-gnu-toolchain/bin/../lib/gcc/avr/5.4.0/avr5\libgcc.a(_umulhisi3.o)
 .text.libgcc.div
                0x00000000        0x0 c:/program files (x86)/atmel/studio/7.0/toolchain/avr8/avr8-gnu-toolchain/bin/../lib/gcc/avr/5.4.0/avr5\libgcc.a(_umulhisi3.o)
 .text.libgcc   0x00000000        0x0 c:/program files (x86)/atmel/studio/7.0/toolchain/avr8/avr8-gnu-toolchain/bin/../lib/gcc/avr/5.4.0/avr5\libgcc.a(_umulhisi3.o)
 .text.libgcc.prologue
                0x00000000        0x0 c:/program files (x86)/atmel/studio/7.0/toolchain/avr8/avr8-gnu-toolchain/bin/../lib/gcc/avr/5.4.0/avr5\libgcc.a(_umulhisi3.o)
 .text.libgcc.builtins
                0x00000000        0x0 c:/program files (x86)/atmel/studio/7.0/toolchain/avr8/avr8-gnu-toolchain/bin/../lib/gcc/avr/5.4.0/avr5\libgcc.a(_umulhisi3.o)
 .text.libgcc.fmul
                0x00000000        0x0 c:/program files (x86)/atmel/studio/7.0/toolchain/avr8/avr8-gnu-toolchain/bin/../lib/gcc/avr/5.4.0/avr5\libgcc.a(_umulhisi3.o)
 .text.libgcc.fixed
                0x00000000        0x0 c:/program files (x86)/atmel/studio/7.0/toolchain/avr8/avr8-gnu-toolchain/bin/../lib/gcc/avr/5.4.0/avr5\libgcc.a(_umulhisi3.o)

Memory Configuration

Name             Origin             Length             Attributes
text             0x00000000         0x00008000         xr
data             0x00800060         0x00000800         rw !x
eeprom           0x00810000         0x00000400         rw !x
fuse             0x00820000         0x00000002         rw !x
lock             0x00830000         0x00000400         rw !x
signature        0x00840000         0x00000400         rw !x
user_signatures  0x00850000         0x00000400         rw !x
*default*        0x00000000         0xffffffff

Linker script and memory map

LOAD C:/Program Files (x86)/Atmel/Studio/7.0/Packs/atmel/ATmega_DFP/1.7.374/gcc/dev/atmega32/avr5/crtatmega32.o
LOAD APP/Calculator/Calculator.o
LOAD CFG/DIO_CFG.o
LOAD HAL/KeyPad/KeyPad.o
LOAD HAL/LCD/LCD.o
LOAD HAL/LDR/LDR.o
LOAD HAL/LM35/LM35.o
LOAD HAL/sevenSeg/sevenSeg.o
LOAD main.o
LOAD MCAL/ADC/ADC.o
LOAD MCAL/DIO/DIO.o
LOAD MCAL/EXT_INT/EXT_INT.o
LOAD MCAL/SPI/SPI.o
LOAD MCAL/Timer/Timer.o
LOAD MCAL/UART/UART.o
LOAD Services/Timer_Serv/Timer_Serv.o
START GROUP
LOAD c:/program files (x86)/atmel/studio/7.0/toolchain/avr8/avr8-gnu-toolchain/bin/../lib/gcc/avr/5.4.0/../../../../avr/lib/avr5\libm.a
END GROUP
START GROUP
LOAD c:/program files (x86)/atmel/studio/7.0/toolchain/avr8/avr8-gnu-toolchain/bin/../lib/gcc/avr/5.4.0/avr5\libgcc.a
LOAD c:/program files (x86)/atmel/studio/7.0/toolchain/avr8/avr8-gnu-toolchain/bin/../lib/gcc/avr/5.4.0/../../../../avr/lib/avr5\libm.a
LOAD c:/program files (x86)/atmel/studio/7.0/toolchain/avr8/avr8-gnu-toolchain/bin/../lib/gcc/avr/5.4.0/../../../../avr/lib/avr5\libc.a
LOAD C:/Program Files (x86)/Atmel/Studio/7.0/Packs/atmel/ATmega_DFP/1.7.374/gcc/dev/atmega32/avr5\libatmega32.a
END GROUP
                0x00000000                __TEXT_REGION_ORIGIN__ = DEFINED (__TEXT_REGION_ORIGIN__)?__TEXT_REGION_ORIGIN__:0x0
                [0x00800060]                __DATA_REGION_ORIGIN__ = DEFINED (__DATA_REGION_ORIGIN__)?__DATA_REGION_ORIGIN__:0x800060
                [0x00008000]                __TEXT_REGION_LENGTH__ = DEFINED (__TEXT_REGION_LENGTH__)?__TEXT_REGION_LENGTH__:0x20000
                [0x00000800]                __DATA_REGION_LENGTH__ = DEFINED (__DATA_REGION_LENGTH__)?__DATA_REGION_LENGTH__:0xffa0
                [0x00000400]                __EEPROM_REGION_LENGTH__ = DEFINED (__EEPROM_REGION_LENGTH__)?__EEPROM_REGION_LENGTH__:0x10000
                [0x00000002]                __FUSE_REGION_LENGTH__ = DEFINED (__FUSE_REGION_LENGTH__)?__FUSE_REGION_LENGTH__:0x400
                0x00000400                __LOCK_REGION_LENGTH__ = DEFINED (__LOCK_REGION_LENGTH__)?__LOCK_REGION_LENGTH__:0x400
                0x00000400                __SIGNATURE_REGION_LENGTH__ = DEFINED (__SIGNATURE_REGION_LENGTH__)?__SIGNATURE_REGION_LENGTH__:0x400
                0x00000400                __USER_SIGNATURE_REGION_LENGTH__ = DEFINED (__USER_SIGNATURE_REGION_LENGTH__)?__USER_SIGNATURE_REGION_LENGTH__:0x400

.hash
 *(.hash)

.dynsym
 *(.dynsym)

.dynstr
 *(.dynstr)

.gnu.version
 *(.gnu.version)

.gnu.version_d
 *(.gnu.version_d)

.gnu.version_r
 *(.gnu.version_r)

.rel.init
 *(.rel.init)

.rela.init
 *(.rela.init)

.rel.text
 *(.rel.text)
 *(.rel.text.*)
 *(.rel.gnu.linkonce.t*)

.rela.text
 *(.rela.text)
 *(.rela.text.*)
 *(.rela.gnu.linkonce.t*)

.rel.fini
 *(.rel.fini)

.rela.fini
 *(.rela.fini)

.rel.rodata
 *(.rel.rodata)
 *(.rel.rodata.*)
 *(.rel.gnu.linkonce.r*)

.rela.rodata
 *(.rela.rodata)
 *(.rela.rodata.*)
 *(.rela.gnu.linkonce.r*)

.rel.data
 *(.rel.data)
 *(.rel.data.*)
 *(.rel.gnu.linkonce.d*)

.rela.data
 *(.rela.data)
 *(.rela.data.*)
 *(.rela.gnu.linkonce.d*)

.rel.ctors
 *(.rel.ctors)

.rela.ctors
 *(.rela.ctors)

.rel.dtors
 *(.rel.dtors)

.rela.dtors
 *(.rela.dtors)

.rel.got
 *(.rel.got)

.rela.got
 *(.rela.got)

.rel.bss
 *(.rel.bss)

.rela.bss
 *(.rela.bss)

.rel.plt
 *(.rel.plt)

.rela.plt
 *(.rela.plt)

.text           0x00000000      0xa70
 *(.vectors)
 .vectors       0x00000000       0x54 C:/Program Files (x86)/Atmel/Studio/7.0/Packs/atmel/ATmega_DFP/1.7.374/gcc/dev/atmega32/avr5/crtatmega32.o
                0x00000000                __vector_default
                0x00000000                __vectors
 *(.vectors)
 *(.progmem.gcc*)
                0x00000054                . = ALIGN (0x2)
                0x00000054                __trampolines_start = .
 *(.trampolines)
 .trampolines   0x00000054        0x0 linker stubs
 *(.trampolines*)
                0x00000054                __trampolines_end = .
 *libprintf_flt.a:*(.progmem.data)
 *libc.a:*(.progmem.data)
 *(.progmem*)
                0x00000054                . = ALIGN (0x2)
 *(.jumptables)
 *(.jumptables*)
 *(.lowtext)
 *(.lowtext*)
                0x00000054                __ctors_start = .
 *(.ctors)
                0x00000054                __ctors_end = .
                0x00000054                __dtors_start = .
 *(.dtors)
                0x00000054                __dtors_end = .
 SORT(*)(.ctors)
 SORT(*)(.dtors)
 *(.init0)
 .init0         0x00000054        0x0 C:/Program Files (x86)/Atmel/Studio/7.0/Packs/atmel/ATmega_DFP/1.7.374/gcc/dev/atmega32/avr5/crtatmega32.o
                0x00000054                __init
 *(.init0)
 *(.init1)
 *(.init1)
 *(.init2)
 .init2         0x00000054        0xc C:/Program Files (x86)/Atmel/Studio/7.0/Packs/atmel/ATmega_DFP/1.7.374/gcc/dev/atmega32/avr5/crtatmega32.o
 *(.init2)
 *(.init3)
 *(.init3)
 *(.init4)
 .init4         0x00000060       0x16 c:/program files (x86)/atmel/studio/7.0/toolchain/avr8/avr8-gnu-toolchain/bin/../lib/gcc/avr/5.4.0/avr5\libgcc.a(_copy_data.o)
                0x00000060                __do_copy_data
 .init4         0x00000076       0x10 c:/program files (x86)/atmel/studio/7.0/toolchain/avr8/avr8-gnu-toolchain/bin/../lib/gcc/avr/5.4.0/avr5\libgcc.a(_clear_bss.o)
                0x00000076                __do_clear_bss
 *(.init4)
 *(.init5)
 *(.init5)
 *(.init6)
 *(.init6)
 *(.init7)
 *(.init7)
 *(.init8)
 *(.init8)
 *(.init9)
 .init9         0x00000086        0x8 C:/Program Files (x86)/Atmel/Studio/7.0/Packs/atmel/ATmega_DFP/1.7.374/gcc/dev/atmega32/avr5/crtatmega32.o
 *(.init9)
 *(.text)
 .text          0x0000008e        0x4 C:/Program Files (x86)/Atmel/Studio/7.0/Packs/atmel/ATmega_DFP/1.7.374/gcc/dev/atmega32/avr5/crtatmega32.o
                0x0000008e                __vector_17
                0x0000008e                __vector_19
                0x0000008e                __vector_14
                0x0000008e                __vector_18
                0x0000008e                __vector_20
                0x0000008e                __bad_interrupt
                0x00000092                . = ALIGN (0x2)
 *(.text.*)
 .text.SEG_Disable_All
                0x00000092       0x20 HAL/sevenSeg/sevenSeg.o
                0x00000092                SEG_Disable_All
 .text.SEG_Display
                0x000000b2       0xe6 HAL/sevenSeg/sevenSeg.o
                0x000000b2                SEG_Display
 .text.startup.main
                0x00000198       0x2c main.o
                0x00000198                main
 .text.__vector_16
                0x000001c4       0x58 MCAL/ADC/ADC.o
                0x000001c4                __vector_16
 .text.DIO_SetPinDirection
                0x0000021c      0x1e2 MCAL/DIO/DIO.o
                0x0000021c                DIO_SetPinDirection
 .text.DIO_Init
                0x000003fe       0x26 MCAL/DIO/DIO.o
                0x000003fe                DIO_Init
 .text.DIO_SetPin
                0x00000424      0x166 MCAL/DIO/DIO.o
                0x00000424                DIO_SetPin
 .text.DIO_SetPort
                0x0000058a       0x20 MCAL/DIO/DIO.o
                0x0000058a                DIO_SetPort
 .text.__vector_1
                0x000005aa       0x54 MCAL/EXT_INT/EXT_INT.o
                0x000005aa                __vector_1
 .text.__vector_2
                0x000005fe       0x56 MCAL/EXT_INT/EXT_INT.o
                0x000005fe                __vector_2
 .text.__vector_3
                0x00000654       0x54 MCAL/EXT_INT/EXT_INT.o
                0x00000654                __vector_3
 .text.__vector_12
                0x000006a8       0x54 MCAL/SPI/SPI.o
                0x000006a8                __vector_12
 .text.__vector_11
                0x000006fc       0x54 MCAL/Timer/Timer.o
                0x000006fc                __vector_11
 .text.__vector_10
                0x00000750       0x54 MCAL/Timer/Timer.o
                0x00000750                __vector_10
 .text.__vector_9
                0x000007a4       0x54 MCAL/Timer/Timer.o
                0x000007a4                __vector_9
 .text.__vector_7
                0x000007f8       0x54 MCAL/Timer/Timer.o
                0x000007f8                __vector_7
 .text.__vector_8
                0x0000084c       0x54 MCAL/Timer/Timer.o
                0x0000084c                __vector_8
 .text.__vector_6
                0x000008a0       0x54 MCAL/Timer/Timer.o
                0x000008a0                __vector_6
 .text.__vector_5
                0x000008f4       0x54 MCAL/Timer/Timer.o
                0x000008f4                __vector_5
 .text.__vector_4
                0x00000948       0x54 MCAL/Timer/Timer.o
                0x00000948                __vector_4
 .text.__vector_13
                0x0000099c       0x54 MCAL/UART/UART.o
                0x0000099c                __vector_13
 .text.__vector_15
                0x000009f0       0x54 MCAL/UART/UART.o
                0x000009f0                __vector_15
 .text.libgcc.div
                0x00000a44       0x28 c:/program files (x86)/atmel/studio/7.0/toolchain/avr8/avr8-gnu-toolchain/bin/../lib/gcc/avr/5.4.0/avr5\libgcc.a(_udivmodhi4.o)
                0x00000a44                __udivmodhi4
                0x00000a6c                . = ALIGN (0x2)
 *(.fini9)
 .fini9         0x00000a6c        0x0 c:/program files (x86)/atmel/studio/7.0/toolchain/avr8/avr8-gnu-toolchain/bin/../lib/gcc/avr/5.4.0/avr5\libgcc.a(_exit.o)
                0x00000a6c                _exit
                0x00000a6c                exit
 *(.fini9)
 *(.fini8)
 *(.fini8)
 *(.fini7)
 *(.fini7)
 *(.fini6)
 *(.fini6)
 *(.fini5)
 *(.fini5)
 *(.fini4)
 *(.fini4)
 *(.fini3)
 *(.fini3)
 *(.fini2)
 *(.fini2)
 *(.fini1)
 *(.fini1)
 *(.fini0)
 .fini0         0x00000a6c        0x4 c:/program files (x86)/atmel/studio/7.0/toolchain/avr8/avr8-gnu-toolchain/bin/../lib/gcc/avr/5.4.0/avr5\libgcc.a(_exit.o)
 *(.fini0)
                0x00000a70                _etext = .

.data           0x00800060       0x48 load address 0x00000a70
                0x00800060                PROVIDE (__data_start, .)
 *(.data)
 *(.data*)
 .data.ADC_Fptr
                0x00800060        0x2 MCAL/ADC/ADC.o
 .data.INT2_Fptr
                0x00800062        0x2 MCAL/EXT_INT/EXT_INT.o
 .data.INT1_Fptr
                0x00800064        0x2 MCAL/EXT_INT/EXT_INT.o
 .data.INT0_Fptr
                0x00800066        0x2 MCAL/EXT_INT/EXT_INT.o
 .data.SPI_Fptr
                0x00800068        0x2 MCAL/SPI/SPI.o
 .data.Timer2_OC_Fptr
                0x0080006a        0x2 MCAL/Timer/Timer.o
 .data.Timer2_OVF_Fptr
                0x0080006c        0x2 MCAL/Timer/Timer.o
 .data.Timer1_ICU_Fptr
                0x0080006e        0x2 MCAL/Timer/Timer.o
 .data.Timer1_OCB_Fptr
                0x00800070        0x2 MCAL/Timer/Timer.o
 .data.Timer1_OCA_Fptr
                0x00800072        0x2 MCAL/Timer/Timer.o
 .data.Timer1_OVF_Fptr
                0x00800074        0x2 MCAL/Timer/Timer.o
 .data.Timer0_OC_Fptr
                0x00800076        0x2 MCAL/Timer/Timer.o
 .data.Timer0_OVF_Fptr
                0x00800078        0x2 MCAL/Timer/Timer.o
 .data.UART_TX_Fptr
                0x0080007a        0x2 MCAL/UART/UART.o
 .data.UART_RX_Fptr
                0x0080007c        0x2 MCAL/UART/UART.o
 *(.gnu.linkonce.d*)
 *(.rodata)
 *(.rodata*)
 .rodata.DIO_PinsStatusArr
                0x0080007e       0x20 CFG/DIO_CFG.o
                0x0080007e                DIO_PinsStatusArr
 .rodata.SevenSegBCD4Bits
                0x0080009e        0xa HAL/sevenSeg/sevenSeg.o
 *(.gnu.linkonce.r*)
                0x008000a8                . = ALIGN (0x2)
                0x008000a8                _edata = .
                0x008000a8                PROVIDE (__data_end, .)

.bss            0x008000a8        0x1
                0x008000a8                PROVIDE (__bss_start, .)
 *(.bss)
 *(.bss*)
 .bss.ADC_BusyFlag
                0x008000a8        0x1 MCAL/ADC/ADC.o
 *(COMMON)
                0x008000a9                PROVIDE (__bss_end, .)
                0x00000a70                __data_load_start = LOADADDR (.data)
                0x00000ab8                __data_load_end = (__data_load_start + SIZEOF (.data))

.noinit         0x008000a9        0x0
                [!provide]                PROVIDE (__noinit_start, .)
 *(.noinit*)
                [!provide]                PROVIDE (__noinit_end, .)
                0x008000a9                _end = .
                [!provide]                PROVIDE (__heap_start, .)

.eeprom         0x00810000        0x0
 *(.eeprom*)
                0x00810000                __eeprom_end = .

.fuse
 *(.fuse)
 *(.lfuse)
 *(.hfuse)
 *(.efuse)

.lock
 *(.lock*)

.signature
 *(.signature*)

.user_signatures
 *(.user_signatures*)

.stab
 *(.stab)

.stabstr
 *(.stabstr)

.stab.excl
 *(.stab.excl)

.stab.exclstr
 *(.stab.exclstr)

.stab.index
 *(.stab.index)

.stab.indexstr
 *(.stab.indexstr)

.comment        0x00000000       0x30
 *(.comment)
 .comment       0x00000000       0x30 CFG/DIO_CFG.o
                                 0x31 (size before relaxing)
 .comment       0x00000030       0x31 HAL/sevenSeg/sevenSeg.o
 .comment       0x00000030       0x31 main.o
 .comment       0x00000030       0x31 MCAL/ADC/ADC.o
 .comment       0x00000030       0x31 MCAL/DIO/DIO.o
 .comment       0x00000030       0x31 MCAL/EXT_INT/EXT_INT.o
 .comment       0x00000030       0x31 MCAL/SPI/SPI.o
 .comment       0x00000030       0x31 MCAL/Timer/Timer.o
 .comment       0x00000030       0x31 MCAL/UART/UART.o

.note.gnu.avr.deviceinfo
                0x00000000       0x3c
 .note.gnu.avr.deviceinfo
                0x00000000       0x3c C:/Program Files (x86)/Atmel/Studio/7.0/Packs/atmel/ATmega_DFP/1.7.374/gcc/dev/atmega32/avr5/crtatmega32.o

.note.gnu.build-id
 *(.note.gnu.build-id)

.debug
 *(.debug)

.line
 *(.line)

.debug_srcinfo
 *(.debug_srcinfo)

.debug_sfnames
 *(.debug_sfnames)

.debug_aranges
 *(.debug_aranges)

.debug_pubnames
 *(.debug_pubnames)

.debug_info     0x00000000      0x4e6
 *(.debug_info .gnu.linkonce.wi.*)
 .debug_info    0x00000000      0x4e6 C:/Program Files (x86)/Atmel/Studio/7.0/Packs/atmel/ATmega_DFP/1.7.374/gcc/dev/atmega32/avr5/crtatmega32.o

.debug_abbrev   0x00000000      0x4a3
 *(.debug_abbrev)
 .debug_abbrev  0x00000000      0x4a3 C:/Program Files (x86)/Atmel/Studio/7.0/Packs/atmel/ATmega_DFP/1.7.374/gcc/dev/atmega32/avr5/crtatmega32.o

.debug_line     0x00000000      0x116
 *(.debug_line .debug_line.* .debug_line_end)
 .debug_line    0x00000000      0x116 C:/Program Files (x86)/Atmel/Studio/7.0/Packs/atmel/ATmega_DFP/1.7.374/gcc/dev/atmega32/avr5/crtatmega32.o

.debug_frame
 *(.debug_frame)

.debug_str      0x00000000      0x196
 *(.debug_str)
 .debug_str     0x00000000      0x196 C:/Program Files (x86)/Atmel/Studio/7.0/Packs/atmel/ATmega_DFP/1.7.374/gcc/dev/atmega32/avr5/crtatmega32.o

.debug_loc
 *(.debug_loc)

.debug_macinfo
 *(.debug_macinfo)

.debug_weaknames
 *(.debug_weaknames)

.debug_funcnames
 *(.debug_funcnames)

.debug_typenames
 *(.debug_typenames)

.debug_varnames
 *(.debug_varnames)

.debug_pubtypes
 *(.debug_pubtypes)

.debug_ranges
 *(.debug_ranges)

.debug_macro
 *(.debug_macro)
OUTPUT(NTI_Drivers.elf elf32-avr)
LOAD linker stubs
