Archive member included to satisfy reference by file (symbol)

c:/program files (x86)/atmel/studio/7.0/toolchain/avr8/avr8-gnu-toolchain/bin/../lib/gcc/avr/5.4.0/avr5\libgcc.a(_udivmodhi4.o)
                              HAL/LM35/LM35.o (__udivmodhi4)
c:/program files (x86)/atmel/studio/7.0/toolchain/avr8/avr8-gnu-toolchain/bin/../lib/gcc/avr/5.4.0/avr5\libgcc.a(_divmodhi4.o)
                              APP/Calculator/Calculator.o (__divmodhi4)
c:/program files (x86)/atmel/studio/7.0/toolchain/avr8/avr8-gnu-toolchain/bin/../lib/gcc/avr/5.4.0/avr5\libgcc.a(_udivmodsi4.o)
                              HAL/LCD/LCD.o (__udivmodsi4)
c:/program files (x86)/atmel/studio/7.0/toolchain/avr8/avr8-gnu-toolchain/bin/../lib/gcc/avr/5.4.0/avr5\libgcc.a(_exit.o)
                              C:/Program Files (x86)/Atmel/Studio/7.0/Packs/atmel/ATmega_DFP/1.7.374/gcc/dev/atmega32/avr5/crtatmega32.o (exit)
c:/program files (x86)/atmel/studio/7.0/toolchain/avr8/avr8-gnu-toolchain/bin/../lib/gcc/avr/5.4.0/avr5\libgcc.a(_copy_data.o)
                              APP/Calculator/Calculator.o (__do_copy_data)
c:/program files (x86)/atmel/studio/7.0/toolchain/avr8/avr8-gnu-toolchain/bin/../lib/gcc/avr/5.4.0/avr5\libgcc.a(_clear_bss.o)
                              APP/Calculator/Calculator.o (__do_clear_bss)
c:/program files (x86)/atmel/studio/7.0/toolchain/avr8/avr8-gnu-toolchain/bin/../lib/gcc/avr/5.4.0/avr5\libgcc.a(_bswapsi2.o)
                              Services/UART_Serv/UART_Serv.o (__bswapsi2)
c:/program files (x86)/atmel/studio/7.0/toolchain/avr8/avr8-gnu-toolchain/bin/../lib/gcc/avr/5.4.0/avr5\libgcc.a(_umulhisi3.o)
                              HAL/LDR/LDR.o (__umulhisi3)
c:/program files (x86)/atmel/studio/7.0/toolchain/avr8/avr8-gnu-toolchain/bin/../lib/gcc/avr/5.4.0/../../../../avr/lib/avr5\libc.a(strtol.o)
                              APP/CyberSecurity/CyberSecurity.o (strtol)
c:/program files (x86)/atmel/studio/7.0/toolchain/avr8/avr8-gnu-toolchain/bin/../lib/gcc/avr/5.4.0/../../../../avr/lib/avr5\libc.a(isspace.o)
                              c:/program files (x86)/atmel/studio/7.0/toolchain/avr8/avr8-gnu-toolchain/bin/../lib/gcc/avr/5.4.0/../../../../avr/lib/avr5\libc.a(strtol.o) (isspace)
c:/program files (x86)/atmel/studio/7.0/toolchain/avr8/avr8-gnu-toolchain/bin/../lib/gcc/avr/5.4.0/../../../../avr/lib/avr5\libc.a(strncpy.o)
                              APP/CyberSecurity/CyberSecurity.o (strncpy)
c:/program files (x86)/atmel/studio/7.0/toolchain/avr8/avr8-gnu-toolchain/bin/../lib/gcc/avr/5.4.0/../../../../avr/lib/avr5\libc.a(errno.o)
                              c:/program files (x86)/atmel/studio/7.0/toolchain/avr8/avr8-gnu-toolchain/bin/../lib/gcc/avr/5.4.0/../../../../avr/lib/avr5\libc.a(strtol.o) (errno)
c:/program files (x86)/atmel/studio/7.0/toolchain/avr8/avr8-gnu-toolchain/bin/../lib/gcc/avr/5.4.0/../../../../avr/lib/avr5\libc.a(cty_isfalse.o)
                              c:/program files (x86)/atmel/studio/7.0/toolchain/avr8/avr8-gnu-toolchain/bin/../lib/gcc/avr/5.4.0/../../../../avr/lib/avr5\libc.a(isspace.o) (__ctype_isfalse)
c:/program files (x86)/atmel/studio/7.0/toolchain/avr8/avr8-gnu-toolchain/bin/../lib/gcc/avr/5.4.0/avr5\libgcc.a(_mulsi3.o)
                              c:/program files (x86)/atmel/studio/7.0/toolchain/avr8/avr8-gnu-toolchain/bin/../lib/gcc/avr/5.4.0/../../../../avr/lib/avr5\libc.a(strtol.o) (__mulsi3)
c:/program files (x86)/atmel/studio/7.0/toolchain/avr8/avr8-gnu-toolchain/bin/../lib/gcc/avr/5.4.0/avr5\libgcc.a(_muluhisi3.o)
                              c:/program files (x86)/atmel/studio/7.0/toolchain/avr8/avr8-gnu-toolchain/bin/../lib/gcc/avr/5.4.0/avr5\libgcc.a(_mulsi3.o) (__muluhisi3)
c:/program files (x86)/atmel/studio/7.0/toolchain/avr8/avr8-gnu-toolchain/bin/../lib/gcc/avr/5.4.0/avr5\libgcc.a(_prologue.o)
                              c:/program files (x86)/atmel/studio/7.0/toolchain/avr8/avr8-gnu-toolchain/bin/../lib/gcc/avr/5.4.0/../../../../avr/lib/avr5\libc.a(strtol.o) (__prologue_saves__)
c:/program files (x86)/atmel/studio/7.0/toolchain/avr8/avr8-gnu-toolchain/bin/../lib/gcc/avr/5.4.0/avr5\libgcc.a(_epilogue.o)
                              c:/program files (x86)/atmel/studio/7.0/toolchain/avr8/avr8-gnu-toolchain/bin/../lib/gcc/avr/5.4.0/../../../../avr/lib/avr5\libc.a(strtol.o) (__epilogue_restores__)

Allocating common symbols
Common symbol       size              file

errno               0x2               c:/program files (x86)/atmel/studio/7.0/toolchain/avr8/avr8-gnu-toolchain/bin/../lib/gcc/avr/5.4.0/../../../../avr/lib/avr5\libc.a(errno.o)

Discarded input sections

 .data          0x00000000        0x0 C:/Program Files (x86)/Atmel/Studio/7.0/Packs/atmel/ATmega_DFP/1.7.374/gcc/dev/atmega32/avr5/crtatmega32.o
 .bss           0x00000000        0x0 C:/Program Files (x86)/Atmel/Studio/7.0/Packs/atmel/ATmega_DFP/1.7.374/gcc/dev/atmega32/avr5/crtatmega32.o
 .text          0x00000000        0x0 APP/Calculator/Calculator.o
 .data          0x00000000        0x0 APP/Calculator/Calculator.o
 .bss           0x00000000        0x0 APP/Calculator/Calculator.o
 .rodata.str1.1
                0x00000000       0x19 APP/Calculator/Calculator.o
 .text.Calculator_Init
                0x00000000       0x14 APP/Calculator/Calculator.o
 .text.Calculator_Reset
                0x00000000       0x5a APP/Calculator/Calculator.o
 .text.Calculator_Operation
                0x00000000      0x36a APP/Calculator/Calculator.o
 .bss.op_prioCheck
                0x00000000        0x1 APP/Calculator/Calculator.o
 .bss.opCount   0x00000000        0x1 APP/Calculator/Calculator.o
 .bss.varCount  0x00000000        0x1 APP/Calculator/Calculator.o
 .bss.op_ARR    0x00000000        0x7 APP/Calculator/Calculator.o
 .bss.var_ARR   0x00000000       0x10 APP/Calculator/Calculator.o
 .bss.result    0x00000000        0x4 APP/Calculator/Calculator.o
 .comment       0x00000000       0x31 APP/Calculator/Calculator.o
 .text          0x00000000        0x0 APP/CyberSecurity/CyberSecurity.o
 .data          0x00000000        0x0 APP/CyberSecurity/CyberSecurity.o
 .bss           0x00000000        0x0 APP/CyberSecurity/CyberSecurity.o
 .text.CS_SendCom
                0x00000000       0x12 APP/CyberSecurity/CyberSecurity.o
 .text          0x00000000        0x0 APP/Password_EEPROM/Password.o
 .data          0x00000000        0x0 APP/Password_EEPROM/Password.o
 .bss           0x00000000        0x0 APP/Password_EEPROM/Password.o
 .text.TMPPASSVIEW
                0x00000000       0x2c APP/Password_EEPROM/Password.o
 .text.PassView
                0x00000000       0x46 APP/Password_EEPROM/Password.o
 .rodata.str1.1
                0x00000000       0x84 APP/Password_EEPROM/Password.o
 .text.Pass_Change
                0x00000000      0x194 APP/Password_EEPROM/Password.o
 .text.Pass_Init
                0x00000000       0xa8 APP/Password_EEPROM/Password.o
 .bss.EINDX     0x00000000        0x1 APP/Password_EEPROM/Password.o
 .bss.pass      0x00000000        0x4 APP/Password_EEPROM/Password.o
 .comment       0x00000000       0x31 APP/Password_EEPROM/Password.o
 .text          0x00000000        0x0 CFG/DIO_CFG.o
 .data          0x00000000        0x0 CFG/DIO_CFG.o
 .bss           0x00000000        0x0 CFG/DIO_CFG.o
 .text          0x00000000        0x0 HAL/EXT_EEPROM/EXT_EEPROM.o
 .data          0x00000000        0x0 HAL/EXT_EEPROM/EXT_EEPROM.o
 .bss           0x00000000        0x0 HAL/EXT_EEPROM/EXT_EEPROM.o
 .text.EEPROM_init
                0x00000000       0x2a HAL/EXT_EEPROM/EXT_EEPROM.o
 .text.EEPROM_writeByte
                0x00000000       0x62 HAL/EXT_EEPROM/EXT_EEPROM.o
 .text.EEPROM_readByte
                0x00000000       0x8e HAL/EXT_EEPROM/EXT_EEPROM.o
 .comment       0x00000000       0x31 HAL/EXT_EEPROM/EXT_EEPROM.o
 .text          0x00000000        0x0 HAL/KeyPad/KeyPad.o
 .data          0x00000000        0x0 HAL/KeyPad/KeyPad.o
 .bss           0x00000000        0x0 HAL/KeyPad/KeyPad.o
 .text.KeyPad_Init
                0x00000000       0x16 HAL/KeyPad/KeyPad.o
 .text.KeyPad_getKey
                0x00000000       0x94 HAL/KeyPad/KeyPad.o
 .data.Keys_ARR
                0x00000000       0x14 HAL/KeyPad/KeyPad.o
 .comment       0x00000000       0x31 HAL/KeyPad/KeyPad.o
 .text          0x00000000        0x0 HAL/LCD/LCD.o
 .data          0x00000000        0x0 HAL/LCD/LCD.o
 .bss           0x00000000        0x0 HAL/LCD/LCD.o
 .text.LCD_CLR  0x00000000       0x14 HAL/LCD/LCD.o
 .text.LCD_WriteChar
                0x00000000        0x4 HAL/LCD/LCD.o
 .text.LCD_WriteNumber
                0x00000000       0xcc HAL/LCD/LCD.o
 .text.LCD_WriteBinary
                0x00000000       0x6c HAL/LCD/LCD.o
 .text.LCD_WriteHex
                0x00000000      0x15e HAL/LCD/LCD.o
 .text.LCD_CustomChar
                0x00000000       0x50 HAL/LCD/LCD.o
 .text          0x00000000        0x0 HAL/LDR/LDR.o
 .data          0x00000000        0x0 HAL/LDR/LDR.o
 .bss           0x00000000        0x0 HAL/LDR/LDR.o
 .text.LDR_Init
                0x00000000       0x28 HAL/LDR/LDR.o
 .text.LDR_Read
                0x00000000       0x82 HAL/LDR/LDR.o
 .text.LDR_ASYNCH_Read
                0x00000000       0xae HAL/LDR/LDR.o
 .comment       0x00000000       0x31 HAL/LDR/LDR.o
 .text          0x00000000        0x0 HAL/LM35/LM35.o
 .data          0x00000000        0x0 HAL/LM35/LM35.o
 .bss           0x00000000        0x0 HAL/LM35/LM35.o
 .text.LM35_Init
                0x00000000        0x8 HAL/LM35/LM35.o
 .text.LM35_Read
                0x00000000       0x1e HAL/LM35/LM35.o
 .text.LM35_TakeRead
                0x00000000       0x34 HAL/LM35/LM35.o
 .comment       0x00000000       0x31 HAL/LM35/LM35.o
 .text          0x00000000        0x0 HAL/sevenSeg/sevenSeg.o
 .data          0x00000000        0x0 HAL/sevenSeg/sevenSeg.o
 .bss           0x00000000        0x0 HAL/sevenSeg/sevenSeg.o
 .text.SEG_Disable_All
                0x00000000       0x20 HAL/sevenSeg/sevenSeg.o
 .text.SEG_init
                0x00000000        0x4 HAL/sevenSeg/sevenSeg.o
 .text.SEG_Display
                0x00000000       0xe6 HAL/sevenSeg/sevenSeg.o
 .rodata.SevenSegBCD4Bits
                0x00000000        0xa HAL/sevenSeg/sevenSeg.o
 .comment       0x00000000       0x31 HAL/sevenSeg/sevenSeg.o
 .text          0x00000000        0x0 main.o
 .data          0x00000000        0x0 main.o
 .bss           0x00000000        0x0 main.o
 .text          0x00000000        0x0 MCAL/ADC/ADC.o
 .data          0x00000000        0x0 MCAL/ADC/ADC.o
 .bss           0x00000000        0x0 MCAL/ADC/ADC.o
 .text.ADC_Init
                0x00000000       0x2c MCAL/ADC/ADC.o
 .text.ADC_StartConversion
                0x00000000       0x1e MCAL/ADC/ADC.o
 .text.ADC_Read
                0x00000000        0xe MCAL/ADC/ADC.o
 .text.ADC_VoltRead
                0x00000000       0x22 MCAL/ADC/ADC.o
 .text.ADC_GetReadPerodic
                0x00000000       0x1a MCAL/ADC/ADC.o
 .text.ADC_GetRead
                0x00000000        0xa MCAL/ADC/ADC.o
 .text.ADC_GetReadNoblock
                0x00000000        0x6 MCAL/ADC/ADC.o
 .text.ADC_StartConversion_INT
                0x00000000       0x20 MCAL/ADC/ADC.o
 .text.ADC_Read_INT
                0x00000000        0x6 MCAL/ADC/ADC.o
 .text.ADC_SetInterruptCallBack
                0x00000000        0xa MCAL/ADC/ADC.o
 .text          0x00000000        0x0 MCAL/DIO/DIO.o
 .data          0x00000000        0x0 MCAL/DIO/DIO.o
 .bss           0x00000000        0x0 MCAL/DIO/DIO.o
 .text.DIO_ReadPin
                0x00000000       0x3a MCAL/DIO/DIO.o
 .text.DIO_TogglePin
                0x00000000       0x44 MCAL/DIO/DIO.o
 .text.DIO_SetPort
                0x00000000       0x20 MCAL/DIO/DIO.o
 .text.DIO_ReadPort
                0x00000000       0x22 MCAL/DIO/DIO.o
 .text.DIO_TogglePort
                0x00000000       0x30 MCAL/DIO/DIO.o
 .text          0x00000000        0x0 MCAL/EEPROM/EEPROM.o
 .data          0x00000000        0x0 MCAL/EEPROM/EEPROM.o
 .bss           0x00000000        0x0 MCAL/EEPROM/EEPROM.o
 .text.EEPROM_Init
                0x00000000        0x2 MCAL/EEPROM/EEPROM.o
 .text.EEPROM_Write
                0x00000000       0x14 MCAL/EEPROM/EEPROM.o
 .text.EEPROM_Read
                0x00000000        0xe MCAL/EEPROM/EEPROM.o
 .text.EEPROM_InterruptEnable
                0x00000000        0x4 MCAL/EEPROM/EEPROM.o
 .text.EEPROM_InterruptDisable
                0x00000000        0x4 MCAL/EEPROM/EEPROM.o
 .text.EEPROM_InterruptSetCallBack
                0x00000000        0xa MCAL/EEPROM/EEPROM.o
 .text          0x00000000        0x0 MCAL/EXT_INT/EXT_INT.o
 .data          0x00000000        0x0 MCAL/EXT_INT/EXT_INT.o
 .bss           0x00000000        0x0 MCAL/EXT_INT/EXT_INT.o
 .text.EXI_Enable
                0x00000000       0x20 MCAL/EXT_INT/EXT_INT.o
 .text.EXI_Disable
                0x00000000       0x20 MCAL/EXT_INT/EXT_INT.o
 .text.EXI_TriggerEdge
                0x00000000       0x8c MCAL/EXT_INT/EXT_INT.o
 .text.EXI_Init
                0x00000000       0x18 MCAL/EXT_INT/EXT_INT.o
 .text.EXI_SetCallBack
                0x00000000       0x2a MCAL/EXT_INT/EXT_INT.o
 .text          0x00000000        0x0 MCAL/SPI/SPI.o
 .data          0x00000000        0x0 MCAL/SPI/SPI.o
 .bss           0x00000000        0x0 MCAL/SPI/SPI.o
 .text.SPI_Init
                0x00000000       0x10 MCAL/SPI/SPI.o
 .text.SPI_SendReceive
                0x00000000        0xa MCAL/SPI/SPI.o
 .text.SPI_ReceivePerodic
                0x00000000       0x16 MCAL/SPI/SPI.o
 .text.SPI_SendNoBlock
                0x00000000        0x4 MCAL/SPI/SPI.o
 .text.SPI_ReceiveNoBlock
                0x00000000        0x4 MCAL/SPI/SPI.o
 .text.SPI_voidSetCallBack
                0x00000000        0xa MCAL/SPI/SPI.o
 .text          0x00000000        0x0 MCAL/Timer/Timer.o
 .data          0x00000000        0x0 MCAL/Timer/Timer.o
 .bss           0x00000000        0x0 MCAL/Timer/Timer.o
 .text.TIMER0_Init
                0x00000000       0x40 MCAL/Timer/Timer.o
 .text.TIMER0_OC0Mode
                0x00000000       0x36 MCAL/Timer/Timer.o
 .text.TIMER0_SetCompareValue
                0x00000000        0x4 MCAL/Timer/Timer.o
 .text.TIMER0_SetTimerValue
                0x00000000        0x4 MCAL/Timer/Timer.o
 .text.TIMER0_GetTimerValue
                0x00000000        0x4 MCAL/Timer/Timer.o
 .text.TIMER0_OV_InterruptEnable
                0x00000000        0x8 MCAL/Timer/Timer.o
 .text.TIMER0_OV_InterruptDisable
                0x00000000        0x8 MCAL/Timer/Timer.o
 .text.TIMER0_OC_InterruptEnable
                0x00000000        0x8 MCAL/Timer/Timer.o
 .text.TIMER0_OC_InterruptDisable
                0x00000000        0x8 MCAL/Timer/Timer.o
 .text.TIMER0_OV_SetCallBack
                0x00000000        0xa MCAL/Timer/Timer.o
 .text.TIMER0_OC_SetCallBack
                0x00000000        0xa MCAL/Timer/Timer.o
 .text.Timer1_OCRA1Mode
                0x00000000       0x36 MCAL/Timer/Timer.o
 .text.Timer1_OCRB1Mode
                0x00000000       0x36 MCAL/Timer/Timer.o
 .text.Timer1_InputCaptureEdge
                0x00000000       0x16 MCAL/Timer/Timer.o
 .text.TIMER1_SetCompareValueA
                0x00000000        0x6 MCAL/Timer/Timer.o
 .text.TIMER1_SetCompareValueB
                0x00000000        0x6 MCAL/Timer/Timer.o
 .text.TIMER1_SetTimerValue
                0x00000000        0x6 MCAL/Timer/Timer.o
 .text.TIMER1_GetTimerValue
                0x00000000        0x6 MCAL/Timer/Timer.o
 .text.TIMER1_SetICUValue
                0x00000000        0x6 MCAL/Timer/Timer.o
 .text.TIMER1_GetICUValue
                0x00000000        0x6 MCAL/Timer/Timer.o
 .text.Timer1_ICU_InterruptEnable
                0x00000000        0x8 MCAL/Timer/Timer.o
 .text.Timer1_ICU_InterruptDisable
                0x00000000        0x8 MCAL/Timer/Timer.o
 .text.Timer1_OVF_InterruptEnable
                0x00000000        0x8 MCAL/Timer/Timer.o
 .text.Timer1_OVF_InterruptDisable
                0x00000000        0x8 MCAL/Timer/Timer.o
 .text.Timer1_OCA_InterruptEnable
                0x00000000        0x8 MCAL/Timer/Timer.o
 .text.Timer1_OCA_InterruptDisable
                0x00000000        0x8 MCAL/Timer/Timer.o
 .text.Timer1_OCB_InterruptEnable
                0x00000000        0x8 MCAL/Timer/Timer.o
 .text.Timer1_OCB_InterruptDisable
                0x00000000        0x8 MCAL/Timer/Timer.o
 .text.Timer1_OVF_SetCallBack
                0x00000000        0xa MCAL/Timer/Timer.o
 .text.Timer1_OCA_SetCallBack
                0x00000000        0xa MCAL/Timer/Timer.o
 .text.Timer1_OCB_SetCallBack
                0x00000000        0xa MCAL/Timer/Timer.o
 .text.Timer1_ICU_SetCallBack
                0x00000000        0xa MCAL/Timer/Timer.o
 .text.TIMER2_Init
                0x00000000       0x40 MCAL/Timer/Timer.o
 .text.TIMER2_OC2Mode
                0x00000000       0x36 MCAL/Timer/Timer.o
 .text.TIMER2_SetCompareValue
                0x00000000        0x4 MCAL/Timer/Timer.o
 .text.TIMER2_SetTimerValue
                0x00000000        0x4 MCAL/Timer/Timer.o
 .text.TIMER2_GetTimerValue
                0x00000000        0x4 MCAL/Timer/Timer.o
 .text.TIMER2_OV_InterruptEnable
                0x00000000        0x8 MCAL/Timer/Timer.o
 .text.TIMER2_OV_InterruptDisable
                0x00000000        0x8 MCAL/Timer/Timer.o
 .text.TIMER2_OC_InterruptEnable
                0x00000000        0x8 MCAL/Timer/Timer.o
 .text.TIMER2_OC_InterruptDisable
                0x00000000        0x8 MCAL/Timer/Timer.o
 .text.TIMER2_OV_SetCallBack
                0x00000000        0xa MCAL/Timer/Timer.o
 .text.TIMER2_OC_SetCallBack
                0x00000000        0xa MCAL/Timer/Timer.o
 .text          0x00000000        0x0 MCAL/TWI/TWI.o
 .data          0x00000000        0x0 MCAL/TWI/TWI.o
 .bss           0x00000000        0x0 MCAL/TWI/TWI.o
 .text.TWI_init
                0x00000000       0x1a MCAL/TWI/TWI.o
 .text.TWI_start
                0x00000000        0xc MCAL/TWI/TWI.o
 .text.TWI_stop
                0x00000000        0x6 MCAL/TWI/TWI.o
 .text.TWI_write
                0x00000000        0xe MCAL/TWI/TWI.o
 .text.TWI_readWithACK
                0x00000000        0xe MCAL/TWI/TWI.o
 .text.TWI_readWithNACK
                0x00000000        0xe MCAL/TWI/TWI.o
 .text.TWI_getStatus
                0x00000000        0x6 MCAL/TWI/TWI.o
 .comment       0x00000000       0x31 MCAL/TWI/TWI.o
 .text          0x00000000        0x0 MCAL/UART/UART.o
 .data          0x00000000        0x0 MCAL/UART/UART.o
 .bss           0x00000000        0x0 MCAL/UART/UART.o
 .text.UART_Send
                0x00000000        0x8 MCAL/UART/UART.o
 .text.UART_SendNoBlock
                0x00000000        0x4 MCAL/UART/UART.o
 .text.UART_ReceiveNoBlock
                0x00000000        0x4 MCAL/UART/UART.o
 .text.UART_ReceivePerodic
                0x00000000       0x16 MCAL/UART/UART.o
 .text.UART_RX_InterruptEnable
                0x00000000        0x4 MCAL/UART/UART.o
 .text.UART_RX_InterruptDisable
                0x00000000        0x4 MCAL/UART/UART.o
 .text.UART_TX_InterruptEnable
                0x00000000        0x4 MCAL/UART/UART.o
 .text.UART_TX_InterruptDisable
                0x00000000        0x4 MCAL/UART/UART.o
 .text.UART_RX_SetCallBack
                0x00000000        0xa MCAL/UART/UART.o
 .text.UART_TX_SetCallBack
                0x00000000        0xa MCAL/UART/UART.o
 .text          0x00000000        0x0 Services/Timer_Serv/Timer_Serv.o
 .data          0x00000000        0x0 Services/Timer_Serv/Timer_Serv.o
 .bss           0x00000000        0x0 Services/Timer_Serv/Timer_Serv.o
 .text.Timer_func
                0x00000000       0x5c Services/Timer_Serv/Timer_Serv.o
 .text.Func_ICU
                0x00000000       0x72 Services/Timer_Serv/Timer_Serv.o
 .text.PWM_Freq_KHZ
                0x00000000       0x24 Services/Timer_Serv/Timer_Serv.o
 .text.PWM_Freq_HZ
                0x00000000       0x2c Services/Timer_Serv/Timer_Serv.o
 .text.PWM_Duty
                0x00000000       0x34 Services/Timer_Serv/Timer_Serv.o
 .text.Timer1_SetInterruptTime_ms
                0x00000000       0x24 Services/Timer_Serv/Timer_Serv.o
 .text.Timer1_SetInterruptTime_us
                0x00000000       0x10 Services/Timer_Serv/Timer_Serv.o
 .text.PWM_Measure2
                0x00000000       0xaa Services/Timer_Serv/Timer_Serv.o
 .text.PWM_Measure
                0x00000000      0x110 Services/Timer_Serv/Timer_Serv.o
 .text.Timer1_SetInterruptTime_s
                0x00000000       0x5e Services/Timer_Serv/Timer_Serv.o
 .bss.c.1936    0x00000000        0x4 Services/Timer_Serv/Timer_Serv.o
 .bss.fptr_timer
                0x00000000        0x2 Services/Timer_Serv/Timer_Serv.o
 .bss.NofOverFlow
                0x00000000        0x4 Services/Timer_Serv/Timer_Serv.o
 .bss.flag      0x00000000        0x2 Services/Timer_Serv/Timer_Serv.o
 .bss.t3        0x00000000        0x2 Services/Timer_Serv/Timer_Serv.o
 .bss.t2        0x00000000        0x2 Services/Timer_Serv/Timer_Serv.o
 .bss.t1        0x00000000        0x2 Services/Timer_Serv/Timer_Serv.o
 .comment       0x00000000       0x31 Services/Timer_Serv/Timer_Serv.o
 .text          0x00000000        0x0 Services/UART_Serv/UART_Serv.o
 .data          0x00000000        0x0 Services/UART_Serv/UART_Serv.o
 .bss           0x00000000        0x0 Services/UART_Serv/UART_Serv.o
 .text.UART_SendString
                0x00000000       0x26 Services/UART_Serv/UART_Serv.o
 .text.UART_SendNumber
                0x00000000       0x2a Services/UART_Serv/UART_Serv.o
 .text.UART_ReceiveNumber
                0x00000000       0x44 Services/UART_Serv/UART_Serv.o
 .text.UART_SendNumber2
                0x00000000       0x3a Services/UART_Serv/UART_Serv.o
 .text.UART_ReceiveNumber2
                0x00000000       0x3a Services/UART_Serv/UART_Serv.o
 .text.endian_check
                0x00000000        0x4 Services/UART_Serv/UART_Serv.o
 .text.endian_convert_u16
                0x00000000        0x8 Services/UART_Serv/UART_Serv.o
 .text.endian_convert_u32
                0x00000000        0x6 Services/UART_Serv/UART_Serv.o
 .text.endian_convert_u32_2
                0x00000000       0x38 Services/UART_Serv/UART_Serv.o
 .text.UART_SendStringCheckSum
                0x00000000       0x56 Services/UART_Serv/UART_Serv.o
 .text.UART_ReceiveStringCheckSum
                0x00000000       0xbc Services/UART_Serv/UART_Serv.o
 .text          0x00000000        0x0 c:/program files (x86)/atmel/studio/7.0/toolchain/avr8/avr8-gnu-toolchain/bin/../lib/gcc/avr/5.4.0/avr5\libgcc.a(_udivmodhi4.o)
 .data          0x00000000        0x0 c:/program files (x86)/atmel/studio/7.0/toolchain/avr8/avr8-gnu-toolchain/bin/../lib/gcc/avr/5.4.0/avr5\libgcc.a(_udivmodhi4.o)
 .bss           0x00000000        0x0 c:/program files (x86)/atmel/studio/7.0/toolchain/avr8/avr8-gnu-toolchain/bin/../lib/gcc/avr/5.4.0/avr5\libgcc.a(_udivmodhi4.o)
 .text.libgcc.mul
                0x00000000        0x0 c:/program files (x86)/atmel/studio/7.0/toolchain/avr8/avr8-gnu-toolchain/bin/../lib/gcc/avr/5.4.0/avr5\libgcc.a(_udivmodhi4.o)
 .text.libgcc.div
                0x00000000       0x28 c:/program files (x86)/atmel/studio/7.0/toolchain/avr8/avr8-gnu-toolchain/bin/../lib/gcc/avr/5.4.0/avr5\libgcc.a(_udivmodhi4.o)
 .text.libgcc   0x00000000        0x0 c:/program files (x86)/atmel/studio/7.0/toolchain/avr8/avr8-gnu-toolchain/bin/../lib/gcc/avr/5.4.0/avr5\libgcc.a(_udivmodhi4.o)
 .text.libgcc.prologue
                0x00000000        0x0 c:/program files (x86)/atmel/studio/7.0/toolchain/avr8/avr8-gnu-toolchain/bin/../lib/gcc/avr/5.4.0/avr5\libgcc.a(_udivmodhi4.o)
 .text.libgcc.builtins
                0x00000000        0x0 c:/program files (x86)/atmel/studio/7.0/toolchain/avr8/avr8-gnu-toolchain/bin/../lib/gcc/avr/5.4.0/avr5\libgcc.a(_udivmodhi4.o)
 .text.libgcc.fmul
                0x00000000        0x0 c:/program files (x86)/atmel/studio/7.0/toolchain/avr8/avr8-gnu-toolchain/bin/../lib/gcc/avr/5.4.0/avr5\libgcc.a(_udivmodhi4.o)
 .text.libgcc.fixed
                0x00000000        0x0 c:/program files (x86)/atmel/studio/7.0/toolchain/avr8/avr8-gnu-toolchain/bin/../lib/gcc/avr/5.4.0/avr5\libgcc.a(_udivmodhi4.o)
 .text          0x00000000        0x0 c:/program files (x86)/atmel/studio/7.0/toolchain/avr8/avr8-gnu-toolchain/bin/../lib/gcc/avr/5.4.0/avr5\libgcc.a(_divmodhi4.o)
 .data          0x00000000        0x0 c:/program files (x86)/atmel/studio/7.0/toolchain/avr8/avr8-gnu-toolchain/bin/../lib/gcc/avr/5.4.0/avr5\libgcc.a(_divmodhi4.o)
 .bss           0x00000000        0x0 c:/program files (x86)/atmel/studio/7.0/toolchain/avr8/avr8-gnu-toolchain/bin/../lib/gcc/avr/5.4.0/avr5\libgcc.a(_divmodhi4.o)
 .text.libgcc.mul
                0x00000000        0x0 c:/program files (x86)/atmel/studio/7.0/toolchain/avr8/avr8-gnu-toolchain/bin/../lib/gcc/avr/5.4.0/avr5\libgcc.a(_divmodhi4.o)
 .text.libgcc.div
                0x00000000       0x28 c:/program files (x86)/atmel/studio/7.0/toolchain/avr8/avr8-gnu-toolchain/bin/../lib/gcc/avr/5.4.0/avr5\libgcc.a(_divmodhi4.o)
 .text.libgcc   0x00000000        0x0 c:/program files (x86)/atmel/studio/7.0/toolchain/avr8/avr8-gnu-toolchain/bin/../lib/gcc/avr/5.4.0/avr5\libgcc.a(_divmodhi4.o)
 .text.libgcc.prologue
                0x00000000        0x0 c:/program files (x86)/atmel/studio/7.0/toolchain/avr8/avr8-gnu-toolchain/bin/../lib/gcc/avr/5.4.0/avr5\libgcc.a(_divmodhi4.o)
 .text.libgcc.builtins
                0x00000000        0x0 c:/program files (x86)/atmel/studio/7.0/toolchain/avr8/avr8-gnu-toolchain/bin/../lib/gcc/avr/5.4.0/avr5\libgcc.a(_divmodhi4.o)
 .text.libgcc.fmul
                0x00000000        0x0 c:/program files (x86)/atmel/studio/7.0/toolchain/avr8/avr8-gnu-toolchain/bin/../lib/gcc/avr/5.4.0/avr5\libgcc.a(_divmodhi4.o)
 .text.libgcc.fixed
                0x00000000        0x0 c:/program files (x86)/atmel/studio/7.0/toolchain/avr8/avr8-gnu-toolchain/bin/../lib/gcc/avr/5.4.0/avr5\libgcc.a(_divmodhi4.o)
 .text          0x00000000        0x0 c:/program files (x86)/atmel/studio/7.0/toolchain/avr8/avr8-gnu-toolchain/bin/../lib/gcc/avr/5.4.0/avr5\libgcc.a(_udivmodsi4.o)
 .data          0x00000000        0x0 c:/program files (x86)/atmel/studio/7.0/toolchain/avr8/avr8-gnu-toolchain/bin/../lib/gcc/avr/5.4.0/avr5\libgcc.a(_udivmodsi4.o)
 .bss           0x00000000        0x0 c:/program files (x86)/atmel/studio/7.0/toolchain/avr8/avr8-gnu-toolchain/bin/../lib/gcc/avr/5.4.0/avr5\libgcc.a(_udivmodsi4.o)
 .text.libgcc.mul
                0x00000000        0x0 c:/program files (x86)/atmel/studio/7.0/toolchain/avr8/avr8-gnu-toolchain/bin/../lib/gcc/avr/5.4.0/avr5\libgcc.a(_udivmodsi4.o)
 .text.libgcc   0x00000000        0x0 c:/program files (x86)/atmel/studio/7.0/toolchain/avr8/avr8-gnu-toolchain/bin/../lib/gcc/avr/5.4.0/avr5\libgcc.a(_udivmodsi4.o)
 .text.libgcc.prologue
                0x00000000        0x0 c:/program files (x86)/atmel/studio/7.0/toolchain/avr8/avr8-gnu-toolchain/bin/../lib/gcc/avr/5.4.0/avr5\libgcc.a(_udivmodsi4.o)
 .text.libgcc.builtins
                0x00000000        0x0 c:/program files (x86)/atmel/studio/7.0/toolchain/avr8/avr8-gnu-toolchain/bin/../lib/gcc/avr/5.4.0/avr5\libgcc.a(_udivmodsi4.o)
 .text.libgcc.fmul
                0x00000000        0x0 c:/program files (x86)/atmel/studio/7.0/toolchain/avr8/avr8-gnu-toolchain/bin/../lib/gcc/avr/5.4.0/avr5\libgcc.a(_udivmodsi4.o)
 .text.libgcc.fixed
                0x00000000        0x0 c:/program files (x86)/atmel/studio/7.0/toolchain/avr8/avr8-gnu-toolchain/bin/../lib/gcc/avr/5.4.0/avr5\libgcc.a(_udivmodsi4.o)
 .text          0x00000000        0x0 c:/program files (x86)/atmel/studio/7.0/toolchain/avr8/avr8-gnu-toolchain/bin/../lib/gcc/avr/5.4.0/avr5\libgcc.a(_exit.o)
 .data          0x00000000        0x0 c:/program files (x86)/atmel/studio/7.0/toolchain/avr8/avr8-gnu-toolchain/bin/../lib/gcc/avr/5.4.0/avr5\libgcc.a(_exit.o)
 .bss           0x00000000        0x0 c:/program files (x86)/atmel/studio/7.0/toolchain/avr8/avr8-gnu-toolchain/bin/../lib/gcc/avr/5.4.0/avr5\libgcc.a(_exit.o)
 .text.libgcc.mul
                0x00000000        0x0 c:/program files (x86)/atmel/studio/7.0/toolchain/avr8/avr8-gnu-toolchain/bin/../lib/gcc/avr/5.4.0/avr5\libgcc.a(_exit.o)
 .text.libgcc.div
                0x00000000        0x0 c:/program files (x86)/atmel/studio/7.0/toolchain/avr8/avr8-gnu-toolchain/bin/../lib/gcc/avr/5.4.0/avr5\libgcc.a(_exit.o)
 .text.libgcc   0x00000000        0x0 c:/program files (x86)/atmel/studio/7.0/toolchain/avr8/avr8-gnu-toolchain/bin/../lib/gcc/avr/5.4.0/avr5\libgcc.a(_exit.o)
 .text.libgcc.prologue
                0x00000000        0x0 c:/program files (x86)/atmel/studio/7.0/toolchain/avr8/avr8-gnu-toolchain/bin/../lib/gcc/avr/5.4.0/avr5\libgcc.a(_exit.o)
 .text.libgcc.builtins
                0x00000000        0x0 c:/program files (x86)/atmel/studio/7.0/toolchain/avr8/avr8-gnu-toolchain/bin/../lib/gcc/avr/5.4.0/avr5\libgcc.a(_exit.o)
 .text.libgcc.fmul
                0x00000000        0x0 c:/program files (x86)/atmel/studio/7.0/toolchain/avr8/avr8-gnu-toolchain/bin/../lib/gcc/avr/5.4.0/avr5\libgcc.a(_exit.o)
 .text.libgcc.fixed
                0x00000000        0x0 c:/program files (x86)/atmel/studio/7.0/toolchain/avr8/avr8-gnu-toolchain/bin/../lib/gcc/avr/5.4.0/avr5\libgcc.a(_exit.o)
 .text          0x00000000        0x0 c:/program files (x86)/atmel/studio/7.0/toolchain/avr8/avr8-gnu-toolchain/bin/../lib/gcc/avr/5.4.0/avr5\libgcc.a(_copy_data.o)
 .data          0x00000000        0x0 c:/program files (x86)/atmel/studio/7.0/toolchain/avr8/avr8-gnu-toolchain/bin/../lib/gcc/avr/5.4.0/avr5\libgcc.a(_copy_data.o)
 .bss           0x00000000        0x0 c:/program files (x86)/atmel/studio/7.0/toolchain/avr8/avr8-gnu-toolchain/bin/../lib/gcc/avr/5.4.0/avr5\libgcc.a(_copy_data.o)
 .text.libgcc.mul
                0x00000000        0x0 c:/program files (x86)/atmel/studio/7.0/toolchain/avr8/avr8-gnu-toolchain/bin/../lib/gcc/avr/5.4.0/avr5\libgcc.a(_copy_data.o)
 .text.libgcc.div
                0x00000000        0x0 c:/program files (x86)/atmel/studio/7.0/toolchain/avr8/avr8-gnu-toolchain/bin/../lib/gcc/avr/5.4.0/avr5\libgcc.a(_copy_data.o)
 .text.libgcc   0x00000000        0x0 c:/program files (x86)/atmel/studio/7.0/toolchain/avr8/avr8-gnu-toolchain/bin/../lib/gcc/avr/5.4.0/avr5\libgcc.a(_copy_data.o)
 .text.libgcc.prologue
                0x00000000        0x0 c:/program files (x86)/atmel/studio/7.0/toolchain/avr8/avr8-gnu-toolchain/bin/../lib/gcc/avr/5.4.0/avr5\libgcc.a(_copy_data.o)
 .text.libgcc.builtins
                0x00000000        0x0 c:/program files (x86)/atmel/studio/7.0/toolchain/avr8/avr8-gnu-toolchain/bin/../lib/gcc/avr/5.4.0/avr5\libgcc.a(_copy_data.o)
 .text.libgcc.fmul
                0x00000000        0x0 c:/program files (x86)/atmel/studio/7.0/toolchain/avr8/avr8-gnu-toolchain/bin/../lib/gcc/avr/5.4.0/avr5\libgcc.a(_copy_data.o)
 .text.libgcc.fixed
                0x00000000        0x0 c:/program files (x86)/atmel/studio/7.0/toolchain/avr8/avr8-gnu-toolchain/bin/../lib/gcc/avr/5.4.0/avr5\libgcc.a(_copy_data.o)
 .text          0x00000000        0x0 c:/program files (x86)/atmel/studio/7.0/toolchain/avr8/avr8-gnu-toolchain/bin/../lib/gcc/avr/5.4.0/avr5\libgcc.a(_clear_bss.o)
 .data          0x00000000        0x0 c:/program files (x86)/atmel/studio/7.0/toolchain/avr8/avr8-gnu-toolchain/bin/../lib/gcc/avr/5.4.0/avr5\libgcc.a(_clear_bss.o)
 .bss           0x00000000        0x0 c:/program files (x86)/atmel/studio/7.0/toolchain/avr8/avr8-gnu-toolchain/bin/../lib/gcc/avr/5.4.0/avr5\libgcc.a(_clear_bss.o)
 .text.libgcc.mul
                0x00000000        0x0 c:/program files (x86)/atmel/studio/7.0/toolchain/avr8/avr8-gnu-toolchain/bin/../lib/gcc/avr/5.4.0/avr5\libgcc.a(_clear_bss.o)
 .text.libgcc.div
                0x00000000        0x0 c:/program files (x86)/atmel/studio/7.0/toolchain/avr8/avr8-gnu-toolchain/bin/../lib/gcc/avr/5.4.0/avr5\libgcc.a(_clear_bss.o)
 .text.libgcc   0x00000000        0x0 c:/program files (x86)/atmel/studio/7.0/toolchain/avr8/avr8-gnu-toolchain/bin/../lib/gcc/avr/5.4.0/avr5\libgcc.a(_clear_bss.o)
 .text.libgcc.prologue
                0x00000000        0x0 c:/program files (x86)/atmel/studio/7.0/toolchain/avr8/avr8-gnu-toolchain/bin/../lib/gcc/avr/5.4.0/avr5\libgcc.a(_clear_bss.o)
 .text.libgcc.builtins
                0x00000000        0x0 c:/program files (x86)/atmel/studio/7.0/toolchain/avr8/avr8-gnu-toolchain/bin/../lib/gcc/avr/5.4.0/avr5\libgcc.a(_clear_bss.o)
 .text.libgcc.fmul
                0x00000000        0x0 c:/program files (x86)/atmel/studio/7.0/toolchain/avr8/avr8-gnu-toolchain/bin/../lib/gcc/avr/5.4.0/avr5\libgcc.a(_clear_bss.o)
 .text.libgcc.fixed
                0x00000000        0x0 c:/program files (x86)/atmel/studio/7.0/toolchain/avr8/avr8-gnu-toolchain/bin/../lib/gcc/avr/5.4.0/avr5\libgcc.a(_clear_bss.o)
 .text          0x00000000        0x0 c:/program files (x86)/atmel/studio/7.0/toolchain/avr8/avr8-gnu-toolchain/bin/../lib/gcc/avr/5.4.0/avr5\libgcc.a(_bswapsi2.o)
 .data          0x00000000        0x0 c:/program files (x86)/atmel/studio/7.0/toolchain/avr8/avr8-gnu-toolchain/bin/../lib/gcc/avr/5.4.0/avr5\libgcc.a(_bswapsi2.o)
 .bss           0x00000000        0x0 c:/program files (x86)/atmel/studio/7.0/toolchain/avr8/avr8-gnu-toolchain/bin/../lib/gcc/avr/5.4.0/avr5\libgcc.a(_bswapsi2.o)
 .text.libgcc.mul
                0x00000000        0x0 c:/program files (x86)/atmel/studio/7.0/toolchain/avr8/avr8-gnu-toolchain/bin/../lib/gcc/avr/5.4.0/avr5\libgcc.a(_bswapsi2.o)
 .text.libgcc.div
                0x00000000        0x0 c:/program files (x86)/atmel/studio/7.0/toolchain/avr8/avr8-gnu-toolchain/bin/../lib/gcc/avr/5.4.0/avr5\libgcc.a(_bswapsi2.o)
 .text.libgcc   0x00000000        0x0 c:/program files (x86)/atmel/studio/7.0/toolchain/avr8/avr8-gnu-toolchain/bin/../lib/gcc/avr/5.4.0/avr5\libgcc.a(_bswapsi2.o)
 .text.libgcc.prologue
                0x00000000        0x0 c:/program files (x86)/atmel/studio/7.0/toolchain/avr8/avr8-gnu-toolchain/bin/../lib/gcc/avr/5.4.0/avr5\libgcc.a(_bswapsi2.o)
 .text.libgcc.builtins
                0x00000000        0xe c:/program files (x86)/atmel/studio/7.0/toolchain/avr8/avr8-gnu-toolchain/bin/../lib/gcc/avr/5.4.0/avr5\libgcc.a(_bswapsi2.o)
 .text.libgcc.fmul
                0x00000000        0x0 c:/program files (x86)/atmel/studio/7.0/toolchain/avr8/avr8-gnu-toolchain/bin/../lib/gcc/avr/5.4.0/avr5\libgcc.a(_bswapsi2.o)
 .text.libgcc.fixed
                0x00000000        0x0 c:/program files (x86)/atmel/studio/7.0/toolchain/avr8/avr8-gnu-toolchain/bin/../lib/gcc/avr/5.4.0/avr5\libgcc.a(_bswapsi2.o)
 .text          0x00000000        0x0 c:/program files (x86)/atmel/studio/7.0/toolchain/avr8/avr8-gnu-toolchain/bin/../lib/gcc/avr/5.4.0/avr5\libgcc.a(_umulhisi3.o)
 .data          0x00000000        0x0 c:/program files (x86)/atmel/studio/7.0/toolchain/avr8/avr8-gnu-toolchain/bin/../lib/gcc/avr/5.4.0/avr5\libgcc.a(_umulhisi3.o)
 .bss           0x00000000        0x0 c:/program files (x86)/atmel/studio/7.0/toolchain/avr8/avr8-gnu-toolchain/bin/../lib/gcc/avr/5.4.0/avr5\libgcc.a(_umulhisi3.o)
 .text.libgcc.div
                0x00000000        0x0 c:/program files (x86)/atmel/studio/7.0/toolchain/avr8/avr8-gnu-toolchain/bin/../lib/gcc/avr/5.4.0/avr5\libgcc.a(_umulhisi3.o)
 .text.libgcc   0x00000000        0x0 c:/program files (x86)/atmel/studio/7.0/toolchain/avr8/avr8-gnu-toolchain/bin/../lib/gcc/avr/5.4.0/avr5\libgcc.a(_umulhisi3.o)
 .text.libgcc.prologue
                0x00000000        0x0 c:/program files (x86)/atmel/studio/7.0/toolchain/avr8/avr8-gnu-toolchain/bin/../lib/gcc/avr/5.4.0/avr5\libgcc.a(_umulhisi3.o)
 .text.libgcc.builtins
                0x00000000        0x0 c:/program files (x86)/atmel/studio/7.0/toolchain/avr8/avr8-gnu-toolchain/bin/../lib/gcc/avr/5.4.0/avr5\libgcc.a(_umulhisi3.o)
 .text.libgcc.fmul
                0x00000000        0x0 c:/program files (x86)/atmel/studio/7.0/toolchain/avr8/avr8-gnu-toolchain/bin/../lib/gcc/avr/5.4.0/avr5\libgcc.a(_umulhisi3.o)
 .text.libgcc.fixed
                0x00000000        0x0 c:/program files (x86)/atmel/studio/7.0/toolchain/avr8/avr8-gnu-toolchain/bin/../lib/gcc/avr/5.4.0/avr5\libgcc.a(_umulhisi3.o)
 .text          0x00000000        0x0 c:/program files (x86)/atmel/studio/7.0/toolchain/avr8/avr8-gnu-toolchain/bin/../lib/gcc/avr/5.4.0/../../../../avr/lib/avr5\libc.a(strtol.o)
 .data          0x00000000        0x0 c:/program files (x86)/atmel/studio/7.0/toolchain/avr8/avr8-gnu-toolchain/bin/../lib/gcc/avr/5.4.0/../../../../avr/lib/avr5\libc.a(strtol.o)
 .bss           0x00000000        0x0 c:/program files (x86)/atmel/studio/7.0/toolchain/avr8/avr8-gnu-toolchain/bin/../lib/gcc/avr/5.4.0/../../../../avr/lib/avr5\libc.a(strtol.o)
 .text          0x00000000        0x0 c:/program files (x86)/atmel/studio/7.0/toolchain/avr8/avr8-gnu-toolchain/bin/../lib/gcc/avr/5.4.0/../../../../avr/lib/avr5\libc.a(isspace.o)
 .data          0x00000000        0x0 c:/program files (x86)/atmel/studio/7.0/toolchain/avr8/avr8-gnu-toolchain/bin/../lib/gcc/avr/5.4.0/../../../../avr/lib/avr5\libc.a(isspace.o)
 .bss           0x00000000        0x0 c:/program files (x86)/atmel/studio/7.0/toolchain/avr8/avr8-gnu-toolchain/bin/../lib/gcc/avr/5.4.0/../../../../avr/lib/avr5\libc.a(isspace.o)
 .text          0x00000000        0x0 c:/program files (x86)/atmel/studio/7.0/toolchain/avr8/avr8-gnu-toolchain/bin/../lib/gcc/avr/5.4.0/../../../../avr/lib/avr5\libc.a(strncpy.o)
 .data          0x00000000        0x0 c:/program files (x86)/atmel/studio/7.0/toolchain/avr8/avr8-gnu-toolchain/bin/../lib/gcc/avr/5.4.0/../../../../avr/lib/avr5\libc.a(strncpy.o)
 .bss           0x00000000        0x0 c:/program files (x86)/atmel/studio/7.0/toolchain/avr8/avr8-gnu-toolchain/bin/../lib/gcc/avr/5.4.0/../../../../avr/lib/avr5\libc.a(strncpy.o)
 .text          0x00000000        0x0 c:/program files (x86)/atmel/studio/7.0/toolchain/avr8/avr8-gnu-toolchain/bin/../lib/gcc/avr/5.4.0/../../../../avr/lib/avr5\libc.a(errno.o)
 .data          0x00000000        0x0 c:/program files (x86)/atmel/studio/7.0/toolchain/avr8/avr8-gnu-toolchain/bin/../lib/gcc/avr/5.4.0/../../../../avr/lib/avr5\libc.a(errno.o)
 .bss           0x00000000        0x0 c:/program files (x86)/atmel/studio/7.0/toolchain/avr8/avr8-gnu-toolchain/bin/../lib/gcc/avr/5.4.0/../../../../avr/lib/avr5\libc.a(errno.o)
 .text          0x00000000        0x0 c:/program files (x86)/atmel/studio/7.0/toolchain/avr8/avr8-gnu-toolchain/bin/../lib/gcc/avr/5.4.0/../../../../avr/lib/avr5\libc.a(cty_isfalse.o)
 .data          0x00000000        0x0 c:/program files (x86)/atmel/studio/7.0/toolchain/avr8/avr8-gnu-toolchain/bin/../lib/gcc/avr/5.4.0/../../../../avr/lib/avr5\libc.a(cty_isfalse.o)
 .bss           0x00000000        0x0 c:/program files (x86)/atmel/studio/7.0/toolchain/avr8/avr8-gnu-toolchain/bin/../lib/gcc/avr/5.4.0/../../../../avr/lib/avr5\libc.a(cty_isfalse.o)
 .text          0x00000000        0x0 c:/program files (x86)/atmel/studio/7.0/toolchain/avr8/avr8-gnu-toolchain/bin/../lib/gcc/avr/5.4.0/avr5\libgcc.a(_mulsi3.o)
 .data          0x00000000        0x0 c:/program files (x86)/atmel/studio/7.0/toolchain/avr8/avr8-gnu-toolchain/bin/../lib/gcc/avr/5.4.0/avr5\libgcc.a(_mulsi3.o)
 .bss           0x00000000        0x0 c:/program files (x86)/atmel/studio/7.0/toolchain/avr8/avr8-gnu-toolchain/bin/../lib/gcc/avr/5.4.0/avr5\libgcc.a(_mulsi3.o)
 .text.libgcc.div
                0x00000000        0x0 c:/program files (x86)/atmel/studio/7.0/toolchain/avr8/avr8-gnu-toolchain/bin/../lib/gcc/avr/5.4.0/avr5\libgcc.a(_mulsi3.o)
 .text.libgcc   0x00000000        0x0 c:/program files (x86)/atmel/studio/7.0/toolchain/avr8/avr8-gnu-toolchain/bin/../lib/gcc/avr/5.4.0/avr5\libgcc.a(_mulsi3.o)
 .text.libgcc.prologue
                0x00000000        0x0 c:/program files (x86)/atmel/studio/7.0/toolchain/avr8/avr8-gnu-toolchain/bin/../lib/gcc/avr/5.4.0/avr5\libgcc.a(_mulsi3.o)
 .text.libgcc.builtins
                0x00000000        0x0 c:/program files (x86)/atmel/studio/7.0/toolchain/avr8/avr8-gnu-toolchain/bin/../lib/gcc/avr/5.4.0/avr5\libgcc.a(_mulsi3.o)
 .text.libgcc.fmul
                0x00000000        0x0 c:/program files (x86)/atmel/studio/7.0/toolchain/avr8/avr8-gnu-toolchain/bin/../lib/gcc/avr/5.4.0/avr5\libgcc.a(_mulsi3.o)
 .text.libgcc.fixed
                0x00000000        0x0 c:/program files (x86)/atmel/studio/7.0/toolchain/avr8/avr8-gnu-toolchain/bin/../lib/gcc/avr/5.4.0/avr5\libgcc.a(_mulsi3.o)
 .text          0x00000000        0x0 c:/program files (x86)/atmel/studio/7.0/toolchain/avr8/avr8-gnu-toolchain/bin/../lib/gcc/avr/5.4.0/avr5\libgcc.a(_muluhisi3.o)
 .data          0x00000000        0x0 c:/program files (x86)/atmel/studio/7.0/toolchain/avr8/avr8-gnu-toolchain/bin/../lib/gcc/avr/5.4.0/avr5\libgcc.a(_muluhisi3.o)
 .bss           0x00000000        0x0 c:/program files (x86)/atmel/studio/7.0/toolchain/avr8/avr8-gnu-toolchain/bin/../lib/gcc/avr/5.4.0/avr5\libgcc.a(_muluhisi3.o)
 .text.libgcc.div
                0x00000000        0x0 c:/program files (x86)/atmel/studio/7.0/toolchain/avr8/avr8-gnu-toolchain/bin/../lib/gcc/avr/5.4.0/avr5\libgcc.a(_muluhisi3.o)
 .text.libgcc   0x00000000        0x0 c:/program files (x86)/atmel/studio/7.0/toolchain/avr8/avr8-gnu-toolchain/bin/../lib/gcc/avr/5.4.0/avr5\libgcc.a(_muluhisi3.o)
 .text.libgcc.prologue
                0x00000000        0x0 c:/program files (x86)/atmel/studio/7.0/toolchain/avr8/avr8-gnu-toolchain/bin/../lib/gcc/avr/5.4.0/avr5\libgcc.a(_muluhisi3.o)
 .text.libgcc.builtins
                0x00000000        0x0 c:/program files (x86)/atmel/studio/7.0/toolchain/avr8/avr8-gnu-toolchain/bin/../lib/gcc/avr/5.4.0/avr5\libgcc.a(_muluhisi3.o)
 .text.libgcc.fmul
                0x00000000        0x0 c:/program files (x86)/atmel/studio/7.0/toolchain/avr8/avr8-gnu-toolchain/bin/../lib/gcc/avr/5.4.0/avr5\libgcc.a(_muluhisi3.o)
 .text.libgcc.fixed
                0x00000000        0x0 c:/program files (x86)/atmel/studio/7.0/toolchain/avr8/avr8-gnu-toolchain/bin/../lib/gcc/avr/5.4.0/avr5\libgcc.a(_muluhisi3.o)
 .text          0x00000000        0x0 c:/program files (x86)/atmel/studio/7.0/toolchain/avr8/avr8-gnu-toolchain/bin/../lib/gcc/avr/5.4.0/avr5\libgcc.a(_prologue.o)
 .data          0x00000000        0x0 c:/program files (x86)/atmel/studio/7.0/toolchain/avr8/avr8-gnu-toolchain/bin/../lib/gcc/avr/5.4.0/avr5\libgcc.a(_prologue.o)
 .bss           0x00000000        0x0 c:/program files (x86)/atmel/studio/7.0/toolchain/avr8/avr8-gnu-toolchain/bin/../lib/gcc/avr/5.4.0/avr5\libgcc.a(_prologue.o)
 .text.libgcc.mul
                0x00000000        0x0 c:/program files (x86)/atmel/studio/7.0/toolchain/avr8/avr8-gnu-toolchain/bin/../lib/gcc/avr/5.4.0/avr5\libgcc.a(_prologue.o)
 .text.libgcc.div
                0x00000000        0x0 c:/program files (x86)/atmel/studio/7.0/toolchain/avr8/avr8-gnu-toolchain/bin/../lib/gcc/avr/5.4.0/avr5\libgcc.a(_prologue.o)
 .text.libgcc   0x00000000        0x0 c:/program files (x86)/atmel/studio/7.0/toolchain/avr8/avr8-gnu-toolchain/bin/../lib/gcc/avr/5.4.0/avr5\libgcc.a(_prologue.o)
 .text.libgcc.builtins
                0x00000000        0x0 c:/program files (x86)/atmel/studio/7.0/toolchain/avr8/avr8-gnu-toolchain/bin/../lib/gcc/avr/5.4.0/avr5\libgcc.a(_prologue.o)
 .text.libgcc.fmul
                0x00000000        0x0 c:/program files (x86)/atmel/studio/7.0/toolchain/avr8/avr8-gnu-toolchain/bin/../lib/gcc/avr/5.4.0/avr5\libgcc.a(_prologue.o)
 .text.libgcc.fixed
                0x00000000        0x0 c:/program files (x86)/atmel/studio/7.0/toolchain/avr8/avr8-gnu-toolchain/bin/../lib/gcc/avr/5.4.0/avr5\libgcc.a(_prologue.o)
 .text          0x00000000        0x0 c:/program files (x86)/atmel/studio/7.0/toolchain/avr8/avr8-gnu-toolchain/bin/../lib/gcc/avr/5.4.0/avr5\libgcc.a(_epilogue.o)
 .data          0x00000000        0x0 c:/program files (x86)/atmel/studio/7.0/toolchain/avr8/avr8-gnu-toolchain/bin/../lib/gcc/avr/5.4.0/avr5\libgcc.a(_epilogue.o)
 .bss           0x00000000        0x0 c:/program files (x86)/atmel/studio/7.0/toolchain/avr8/avr8-gnu-toolchain/bin/../lib/gcc/avr/5.4.0/avr5\libgcc.a(_epilogue.o)
 .text.libgcc.mul
                0x00000000        0x0 c:/program files (x86)/atmel/studio/7.0/toolchain/avr8/avr8-gnu-toolchain/bin/../lib/gcc/avr/5.4.0/avr5\libgcc.a(_epilogue.o)
 .text.libgcc.div
                0x00000000        0x0 c:/program files (x86)/atmel/studio/7.0/toolchain/avr8/avr8-gnu-toolchain/bin/../lib/gcc/avr/5.4.0/avr5\libgcc.a(_epilogue.o)
 .text.libgcc   0x00000000        0x0 c:/program files (x86)/atmel/studio/7.0/toolchain/avr8/avr8-gnu-toolchain/bin/../lib/gcc/avr/5.4.0/avr5\libgcc.a(_epilogue.o)
 .text.libgcc.builtins
                0x00000000        0x0 c:/program files (x86)/atmel/studio/7.0/toolchain/avr8/avr8-gnu-toolchain/bin/../lib/gcc/avr/5.4.0/avr5\libgcc.a(_epilogue.o)
 .text.libgcc.fmul
                0x00000000        0x0 c:/program files (x86)/atmel/studio/7.0/toolchain/avr8/avr8-gnu-toolchain/bin/../lib/gcc/avr/5.4.0/avr5\libgcc.a(_epilogue.o)
 .text.libgcc.fixed
                0x00000000        0x0 c:/program files (x86)/atmel/studio/7.0/toolchain/avr8/avr8-gnu-toolchain/bin/../lib/gcc/avr/5.4.0/avr5\libgcc.a(_epilogue.o)

Memory Configuration

Name             Origin             Length             Attributes
text             0x00000000         0x00008000         xr
data             0x00800060         0x00000800         rw !x
eeprom           0x00810000         0x00000400         rw !x
fuse             0x00820000         0x00000002         rw !x
lock             0x00830000         0x00000400         rw !x
signature        0x00840000         0x00000400         rw !x
user_signatures  0x00850000         0x00000400         rw !x
*default*        0x00000000         0xffffffff

Linker script and memory map

LOAD C:/Program Files (x86)/Atmel/Studio/7.0/Packs/atmel/ATmega_DFP/1.7.374/gcc/dev/atmega32/avr5/crtatmega32.o
LOAD APP/Calculator/Calculator.o
LOAD APP/CyberSecurity/CyberSecurity.o
LOAD APP/Password_EEPROM/Password.o
LOAD CFG/DIO_CFG.o
LOAD HAL/EXT_EEPROM/EXT_EEPROM.o
LOAD HAL/KeyPad/KeyPad.o
LOAD HAL/LCD/LCD.o
LOAD HAL/LDR/LDR.o
LOAD HAL/LM35/LM35.o
LOAD HAL/sevenSeg/sevenSeg.o
LOAD main.o
LOAD MCAL/ADC/ADC.o
LOAD MCAL/DIO/DIO.o
LOAD MCAL/EEPROM/EEPROM.o
LOAD MCAL/EXT_INT/EXT_INT.o
LOAD MCAL/SPI/SPI.o
LOAD MCAL/Timer/Timer.o
LOAD MCAL/TWI/TWI.o
LOAD MCAL/UART/UART.o
LOAD Services/Timer_Serv/Timer_Serv.o
LOAD Services/UART_Serv/UART_Serv.o
START GROUP
LOAD c:/program files (x86)/atmel/studio/7.0/toolchain/avr8/avr8-gnu-toolchain/bin/../lib/gcc/avr/5.4.0/../../../../avr/lib/avr5\libm.a
END GROUP
START GROUP
LOAD c:/program files (x86)/atmel/studio/7.0/toolchain/avr8/avr8-gnu-toolchain/bin/../lib/gcc/avr/5.4.0/avr5\libgcc.a
LOAD c:/program files (x86)/atmel/studio/7.0/toolchain/avr8/avr8-gnu-toolchain/bin/../lib/gcc/avr/5.4.0/../../../../avr/lib/avr5\libm.a
LOAD c:/program files (x86)/atmel/studio/7.0/toolchain/avr8/avr8-gnu-toolchain/bin/../lib/gcc/avr/5.4.0/../../../../avr/lib/avr5\libc.a
LOAD C:/Program Files (x86)/Atmel/Studio/7.0/Packs/atmel/ATmega_DFP/1.7.374/gcc/dev/atmega32/avr5\libatmega32.a
END GROUP
                0x00000000                __TEXT_REGION_ORIGIN__ = DEFINED (__TEXT_REGION_ORIGIN__)?__TEXT_REGION_ORIGIN__:0x0
                [0x00800060]                __DATA_REGION_ORIGIN__ = DEFINED (__DATA_REGION_ORIGIN__)?__DATA_REGION_ORIGIN__:0x800060
                [0x00008000]                __TEXT_REGION_LENGTH__ = DEFINED (__TEXT_REGION_LENGTH__)?__TEXT_REGION_LENGTH__:0x20000
                [0x00000800]                __DATA_REGION_LENGTH__ = DEFINED (__DATA_REGION_LENGTH__)?__DATA_REGION_LENGTH__:0xffa0
                [0x00000400]                __EEPROM_REGION_LENGTH__ = DEFINED (__EEPROM_REGION_LENGTH__)?__EEPROM_REGION_LENGTH__:0x10000
                [0x00000002]                __FUSE_REGION_LENGTH__ = DEFINED (__FUSE_REGION_LENGTH__)?__FUSE_REGION_LENGTH__:0x400
                0x00000400                __LOCK_REGION_LENGTH__ = DEFINED (__LOCK_REGION_LENGTH__)?__LOCK_REGION_LENGTH__:0x400
                0x00000400                __SIGNATURE_REGION_LENGTH__ = DEFINED (__SIGNATURE_REGION_LENGTH__)?__SIGNATURE_REGION_LENGTH__:0x400
                0x00000400                __USER_SIGNATURE_REGION_LENGTH__ = DEFINED (__USER_SIGNATURE_REGION_LENGTH__)?__USER_SIGNATURE_REGION_LENGTH__:0x400

.hash
 *(.hash)

.dynsym
 *(.dynsym)

.dynstr
 *(.dynstr)

.gnu.version
 *(.gnu.version)

.gnu.version_d
 *(.gnu.version_d)

.gnu.version_r
 *(.gnu.version_r)

.rel.init
 *(.rel.init)

.rela.init
 *(.rela.init)

.rel.text
 *(.rel.text)
 *(.rel.text.*)
 *(.rel.gnu.linkonce.t*)

.rela.text
 *(.rela.text)
 *(.rela.text.*)
 *(.rela.gnu.linkonce.t*)

.rel.fini
 *(.rel.fini)

.rela.fini
 *(.rela.fini)

.rel.rodata
 *(.rel.rodata)
 *(.rel.rodata.*)
 *(.rel.gnu.linkonce.r*)

.rela.rodata
 *(.rela.rodata)
 *(.rela.rodata.*)
 *(.rela.gnu.linkonce.r*)

.rel.data
 *(.rel.data)
 *(.rel.data.*)
 *(.rel.gnu.linkonce.d*)

.rela.data
 *(.rela.data)
 *(.rela.data.*)
 *(.rela.gnu.linkonce.d*)

.rel.ctors
 *(.rel.ctors)

.rela.ctors
 *(.rela.ctors)

.rel.dtors
 *(.rel.dtors)

.rela.dtors
 *(.rela.dtors)

.rel.got
 *(.rel.got)

.rela.got
 *(.rela.got)

.rel.bss
 *(.rel.bss)

.rela.bss
 *(.rela.bss)

.rel.plt
 *(.rel.plt)

.rela.plt
 *(.rela.plt)

.text           0x00000000     0x1528
 *(.vectors)
 .vectors       0x00000000       0x54 C:/Program Files (x86)/Atmel/Studio/7.0/Packs/atmel/ATmega_DFP/1.7.374/gcc/dev/atmega32/avr5/crtatmega32.o
                0x00000000                __vector_default
                0x00000000                __vectors
 *(.vectors)
 *(.progmem.gcc*)
                0x00000054                . = ALIGN (0x2)
                0x00000054                __trampolines_start = .
 *(.trampolines)
 .trampolines   0x00000054        0x0 linker stubs
 *(.trampolines*)
                0x00000054                __trampolines_end = .
 *libprintf_flt.a:*(.progmem.data)
 *libc.a:*(.progmem.data)
 *(.progmem*)
                0x00000054                . = ALIGN (0x2)
 *(.jumptables)
 *(.jumptables*)
 *(.lowtext)
 *(.lowtext*)
                0x00000054                __ctors_start = .
 *(.ctors)
                0x00000054                __ctors_end = .
                0x00000054                __dtors_start = .
 *(.dtors)
                0x00000054                __dtors_end = .
 SORT(*)(.ctors)
 SORT(*)(.dtors)
 *(.init0)
 .init0         0x00000054        0x0 C:/Program Files (x86)/Atmel/Studio/7.0/Packs/atmel/ATmega_DFP/1.7.374/gcc/dev/atmega32/avr5/crtatmega32.o
                0x00000054                __init
 *(.init0)
 *(.init1)
 *(.init1)
 *(.init2)
 .init2         0x00000054        0xc C:/Program Files (x86)/Atmel/Studio/7.0/Packs/atmel/ATmega_DFP/1.7.374/gcc/dev/atmega32/avr5/crtatmega32.o
 *(.init2)
 *(.init3)
 *(.init3)
 *(.init4)
 .init4         0x00000060       0x16 c:/program files (x86)/atmel/studio/7.0/toolchain/avr8/avr8-gnu-toolchain/bin/../lib/gcc/avr/5.4.0/avr5\libgcc.a(_copy_data.o)
                0x00000060                __do_copy_data
 .init4         0x00000076       0x10 c:/program files (x86)/atmel/studio/7.0/toolchain/avr8/avr8-gnu-toolchain/bin/../lib/gcc/avr/5.4.0/avr5\libgcc.a(_clear_bss.o)
                0x00000076                __do_clear_bss
 *(.init4)
 *(.init5)
 *(.init5)
 *(.init6)
 *(.init6)
 *(.init7)
 *(.init7)
 *(.init8)
 *(.init8)
 *(.init9)
 .init9         0x00000086        0x8 C:/Program Files (x86)/Atmel/Studio/7.0/Packs/atmel/ATmega_DFP/1.7.374/gcc/dev/atmega32/avr5/crtatmega32.o
 *(.init9)
 *(.text)
 .text          0x0000008e        0x4 C:/Program Files (x86)/Atmel/Studio/7.0/Packs/atmel/ATmega_DFP/1.7.374/gcc/dev/atmega32/avr5/crtatmega32.o
                0x0000008e                __vector_19
                0x0000008e                __vector_14
                0x0000008e                __vector_18
                0x0000008e                __vector_20
                0x0000008e                __bad_interrupt
                0x00000092                . = ALIGN (0x2)
 *(.text.*)
 .text.CS_SendCom.part.0
                0x00000092       0x92 APP/CyberSecurity/CyberSecurity.o
 .text.CS_Init  0x00000124        0x2 APP/CyberSecurity/CyberSecurity.o
                0x00000124                CS_Init
 .text.CS_ReceiveCom
                0x00000126      0x176 APP/CyberSecurity/CyberSecurity.o
                0x00000126                CS_ReceiveCom
 .text.CS_ReceiveEncrypted
                0x0000029c       0xac APP/CyberSecurity/CyberSecurity.o
                0x0000029c                CS_ReceiveEncrypted
 .text.CS_ConvertString
                0x00000348      0x158 APP/CyberSecurity/CyberSecurity.o
                0x00000348                CS_ConvertString
 .text.CS_getAccess
                0x000004a0        0x6 APP/CyberSecurity/CyberSecurity.o
                0x000004a0                CS_getAccess
 .text.CS_getStatus
                0x000004a6        0x6 APP/CyberSecurity/CyberSecurity.o
                0x000004a6                CS_getStatus
 .text.LCD_Instruction
                0x000004ac       0xc0 HAL/LCD/LCD.o
 .text.LCD_WriteData
                0x0000056c       0xc0 HAL/LCD/LCD.o
 .text.LCD_Init
                0x0000062c       0x3c HAL/LCD/LCD.o
                0x0000062c                LCD_Init
 .text.LCD_GoTo
                0x00000668       0x28 HAL/LCD/LCD.o
                0x00000668                LCD_GoTo
 .text.LCD_WriteString
                0x00000690       0x26 HAL/LCD/LCD.o
                0x00000690                LCD_WriteString
 .text.LCD_WriteHexU32
                0x000006b6       0xde HAL/LCD/LCD.o
                0x000006b6                LCD_WriteHexU32
 .text.LCD_Clear_Position
                0x00000794       0x20 HAL/LCD/LCD.o
                0x00000794                LCD_Clear_Position
 .text.startup.main
                0x000007b4       0x86 main.o
                0x000007b4                main
 .text.__vector_16
                0x0000083a       0x58 MCAL/ADC/ADC.o
                0x0000083a                __vector_16
 .text.DIO_SetPinDirection
                0x00000892      0x1e2 MCAL/DIO/DIO.o
                0x00000892                DIO_SetPinDirection
 .text.DIO_Init
                0x00000a74       0x26 MCAL/DIO/DIO.o
                0x00000a74                DIO_Init
 .text.DIO_SetPin
                0x00000a9a      0x166 MCAL/DIO/DIO.o
                0x00000a9a                DIO_SetPin
 .text.__vector_17
                0x00000c00       0x54 MCAL/EEPROM/EEPROM.o
                0x00000c00                __vector_17
 .text.__vector_1
                0x00000c54       0x54 MCAL/EXT_INT/EXT_INT.o
                0x00000c54                __vector_1
 .text.__vector_2
                0x00000ca8       0x56 MCAL/EXT_INT/EXT_INT.o
                0x00000ca8                __vector_2
 .text.__vector_3
                0x00000cfe       0x54 MCAL/EXT_INT/EXT_INT.o
                0x00000cfe                __vector_3
 .text.__vector_12
                0x00000d52       0x54 MCAL/SPI/SPI.o
                0x00000d52                __vector_12
 .text.__vector_11
                0x00000da6       0x54 MCAL/Timer/Timer.o
                0x00000da6                __vector_11
 .text.__vector_10
                0x00000dfa       0x54 MCAL/Timer/Timer.o
                0x00000dfa                __vector_10
 .text.Timer1_Init
                0x00000e4e       0x78 MCAL/Timer/Timer.o
                0x00000e4e                Timer1_Init
 .text.__vector_9
                0x00000ec6       0x54 MCAL/Timer/Timer.o
                0x00000ec6                __vector_9
 .text.__vector_7
                0x00000f1a       0x54 MCAL/Timer/Timer.o
                0x00000f1a                __vector_7
 .text.__vector_8
                0x00000f6e       0x54 MCAL/Timer/Timer.o
                0x00000f6e                __vector_8
 .text.__vector_6
                0x00000fc2       0x54 MCAL/Timer/Timer.o
                0x00000fc2                __vector_6
 .text.__vector_5
                0x00001016       0x54 MCAL/Timer/Timer.o
                0x00001016                __vector_5
 .text.__vector_4
                0x0000106a       0x54 MCAL/Timer/Timer.o
                0x0000106a                __vector_4
 .text.UART_Init
                0x000010be        0xc MCAL/UART/UART.o
                0x000010be                UART_Init
 .text.UART_Receive
                0x000010ca        0x8 MCAL/UART/UART.o
                0x000010ca                UART_Receive
 .text.__vector_13
                0x000010d2       0x54 MCAL/UART/UART.o
                0x000010d2                __vector_13
 .text.__vector_15
                0x00001126       0x54 MCAL/UART/UART.o
                0x00001126                __vector_15
 .text.UART_ReceiveString
                0x0000117a       0x42 Services/UART_Serv/UART_Serv.o
                0x0000117a                UART_ReceiveString
 .text.libgcc.div
                0x000011bc       0x44 c:/program files (x86)/atmel/studio/7.0/toolchain/avr8/avr8-gnu-toolchain/bin/../lib/gcc/avr/5.4.0/avr5\libgcc.a(_udivmodsi4.o)
                0x000011bc                __udivmodsi4
 .text.libgcc.mul
                0x00001200       0x1e c:/program files (x86)/atmel/studio/7.0/toolchain/avr8/avr8-gnu-toolchain/bin/../lib/gcc/avr/5.4.0/avr5\libgcc.a(_umulhisi3.o)
                0x00001200                __umulhisi3
 .text.avr-libc
                0x0000121e      0x22c c:/program files (x86)/atmel/studio/7.0/toolchain/avr8/avr8-gnu-toolchain/bin/../lib/gcc/avr/5.4.0/../../../../avr/lib/avr5\libc.a(strtol.o)
                0x0000121e                strtol
 .text.avr-libc
                0x0000144a       0x12 c:/program files (x86)/atmel/studio/7.0/toolchain/avr8/avr8-gnu-toolchain/bin/../lib/gcc/avr/5.4.0/../../../../avr/lib/avr5\libc.a(isspace.o)
                0x0000144a                isspace
 .text.avr-libc
                0x0000145c       0x1e c:/program files (x86)/atmel/studio/7.0/toolchain/avr8/avr8-gnu-toolchain/bin/../lib/gcc/avr/5.4.0/../../../../avr/lib/avr5\libc.a(strncpy.o)
                0x0000145c                strncpy
 .text.avr-libc
                0x0000147a        0x6 c:/program files (x86)/atmel/studio/7.0/toolchain/avr8/avr8-gnu-toolchain/bin/../lib/gcc/avr/5.4.0/../../../../avr/lib/avr5\libc.a(cty_isfalse.o)
                0x0000147a                __ctype_isfalse
                0x0000147e                __ctype_istrue
 .text.libgcc.mul
                0x00001480       0x20 c:/program files (x86)/atmel/studio/7.0/toolchain/avr8/avr8-gnu-toolchain/bin/../lib/gcc/avr/5.4.0/avr5\libgcc.a(_mulsi3.o)
                0x00001480                __mulsi3
 .text.libgcc.mul
                0x000014a0       0x16 c:/program files (x86)/atmel/studio/7.0/toolchain/avr8/avr8-gnu-toolchain/bin/../lib/gcc/avr/5.4.0/avr5\libgcc.a(_muluhisi3.o)
                0x000014a0                __muluhisi3
 .text.libgcc.prologue
                0x000014b6       0x38 c:/program files (x86)/atmel/studio/7.0/toolchain/avr8/avr8-gnu-toolchain/bin/../lib/gcc/avr/5.4.0/avr5\libgcc.a(_prologue.o)
                0x000014b6                __prologue_saves__
 .text.libgcc.prologue
                0x000014ee       0x36 c:/program files (x86)/atmel/studio/7.0/toolchain/avr8/avr8-gnu-toolchain/bin/../lib/gcc/avr/5.4.0/avr5\libgcc.a(_epilogue.o)
                0x000014ee                __epilogue_restores__
                0x00001524                . = ALIGN (0x2)
 *(.fini9)
 .fini9         0x00001524        0x0 c:/program files (x86)/atmel/studio/7.0/toolchain/avr8/avr8-gnu-toolchain/bin/../lib/gcc/avr/5.4.0/avr5\libgcc.a(_exit.o)
                0x00001524                _exit
                0x00001524                exit
 *(.fini9)
 *(.fini8)
 *(.fini8)
 *(.fini7)
 *(.fini7)
 *(.fini6)
 *(.fini6)
 *(.fini5)
 *(.fini5)
 *(.fini4)
 *(.fini4)
 *(.fini3)
 *(.fini3)
 *(.fini2)
 *(.fini2)
 *(.fini1)
 *(.fini1)
 *(.fini0)
 .fini0         0x00001524        0x4 c:/program files (x86)/atmel/studio/7.0/toolchain/avr8/avr8-gnu-toolchain/bin/../lib/gcc/avr/5.4.0/avr5\libgcc.a(_exit.o)
 *(.fini0)
                0x00001528                _etext = .

.data           0x00800060      0x140 load address 0x00001528
                0x00800060                PROVIDE (__data_start, .)
 *(.data)
 *(.data*)
 .data.CS_XOR_VAR
                0x00800060        0x4 APP/CyberSecurity/CyberSecurity.o
 .data.ADC_Fptr
                0x00800064        0x2 MCAL/ADC/ADC.o
 .data.EEPROM_Fptr
                0x00800066        0x2 MCAL/EEPROM/EEPROM.o
 .data.INT2_Fptr
                0x00800068        0x2 MCAL/EXT_INT/EXT_INT.o
 .data.INT1_Fptr
                0x0080006a        0x2 MCAL/EXT_INT/EXT_INT.o
 .data.INT0_Fptr
                0x0080006c        0x2 MCAL/EXT_INT/EXT_INT.o
 .data.SPI_Fptr
                0x0080006e        0x2 MCAL/SPI/SPI.o
 .data.Timer2_OC_Fptr
                0x00800070        0x2 MCAL/Timer/Timer.o
 .data.Timer2_OVF_Fptr
                0x00800072        0x2 MCAL/Timer/Timer.o
 .data.Timer1_ICU_Fptr
                0x00800074        0x2 MCAL/Timer/Timer.o
 .data.Timer1_OCB_Fptr
                0x00800076        0x2 MCAL/Timer/Timer.o
 .data.Timer1_OCA_Fptr
                0x00800078        0x2 MCAL/Timer/Timer.o
 .data.Timer1_OVF_Fptr
                0x0080007a        0x2 MCAL/Timer/Timer.o
 .data.Timer0_OC_Fptr
                0x0080007c        0x2 MCAL/Timer/Timer.o
 .data.Timer0_OVF_Fptr
                0x0080007e        0x2 MCAL/Timer/Timer.o
 .data.UART_TX_Fptr
                0x00800080        0x2 MCAL/UART/UART.o
 .data.UART_RX_Fptr
                0x00800082        0x2 MCAL/UART/UART.o
 *(.gnu.linkonce.d*)
 *(.rodata)
 *(.rodata*)
 .rodata.str1.1
                0x00800084       0xcd APP/CyberSecurity/CyberSecurity.o
 .rodata.DIO_PinsStatusArr
                0x00800151       0x20 CFG/DIO_CFG.o
                0x00800151                DIO_PinsStatusArr
 .rodata.str1.1
                0x00800171       0x2f main.o
 *(.gnu.linkonce.r*)
                0x008001a0                . = ALIGN (0x2)
                0x008001a0                _edata = .
                0x008001a0                PROVIDE (__data_end, .)

.bss            0x008001a0       0x25
                0x008001a0                PROVIDE (__bss_start, .)
 *(.bss)
 *(.bss*)
 .bss.CS_ACCESS
                0x008001a0        0x1 APP/CyberSecurity/CyberSecurity.o
 .bss.CS_STATUS
                0x008001a1        0x1 APP/CyberSecurity/CyberSecurity.o
 .bss.CS_RANDOM
                0x008001a2        0x4 APP/CyberSecurity/CyberSecurity.o
 .bss.CS_KEY    0x008001a6        0x4 APP/CyberSecurity/CyberSecurity.o
 .bss.CS_Routine
                0x008001aa        0x2 APP/CyberSecurity/CyberSecurity.o
 .bss.CS_Sub    0x008001ac        0x1 APP/CyberSecurity/CyberSecurity.o
 .bss.CS_Service
                0x008001ad        0x1 APP/CyberSecurity/CyberSecurity.o
 .bss.encrpt    0x008001ae        0xc main.o
 .bss.strg_tmp  0x008001ba        0x8 main.o
 .bss.ADC_BusyFlag
                0x008001c2        0x1 MCAL/ADC/ADC.o
 *(COMMON)
 COMMON         0x008001c3        0x2 c:/program files (x86)/atmel/studio/7.0/toolchain/avr8/avr8-gnu-toolchain/bin/../lib/gcc/avr/5.4.0/../../../../avr/lib/avr5\libc.a(errno.o)
                0x008001c3                errno
                0x008001c5                PROVIDE (__bss_end, .)
                0x00001528                __data_load_start = LOADADDR (.data)
                0x00001668                __data_load_end = (__data_load_start + SIZEOF (.data))

.noinit         0x008001c5        0x0
                [!provide]                PROVIDE (__noinit_start, .)
 *(.noinit*)
                [!provide]                PROVIDE (__noinit_end, .)
                0x008001c5                _end = .
                [!provide]                PROVIDE (__heap_start, .)

.eeprom         0x00810000        0x0
 *(.eeprom*)
                0x00810000                __eeprom_end = .

.fuse
 *(.fuse)
 *(.lfuse)
 *(.hfuse)
 *(.efuse)

.lock
 *(.lock*)

.signature
 *(.signature*)

.user_signatures
 *(.user_signatures*)

.stab
 *(.stab)

.stabstr
 *(.stabstr)

.stab.excl
 *(.stab.excl)

.stab.exclstr
 *(.stab.exclstr)

.stab.index
 *(.stab.index)

.stab.indexstr
 *(.stab.indexstr)

.comment        0x00000000       0x5c
 *(.comment)
 .comment       0x00000000       0x30 APP/CyberSecurity/CyberSecurity.o
                                 0x31 (size before relaxing)
 .comment       0x00000030       0x31 CFG/DIO_CFG.o
 .comment       0x00000030       0x31 HAL/LCD/LCD.o
 .comment       0x00000030       0x31 main.o
 .comment       0x00000030       0x31 MCAL/ADC/ADC.o
 .comment       0x00000030       0x31 MCAL/DIO/DIO.o
 .comment       0x00000030       0x31 MCAL/EEPROM/EEPROM.o
 .comment       0x00000030       0x31 MCAL/EXT_INT/EXT_INT.o
 .comment       0x00000030       0x31 MCAL/SPI/SPI.o
 .comment       0x00000030       0x31 MCAL/Timer/Timer.o
 .comment       0x00000030       0x31 MCAL/UART/UART.o
 .comment       0x00000030       0x31 Services/UART_Serv/UART_Serv.o
 .comment       0x00000030       0x31 c:/program files (x86)/atmel/studio/7.0/toolchain/avr8/avr8-gnu-toolchain/bin/../lib/gcc/avr/5.4.0/../../../../avr/lib/avr5\libc.a(strtol.o)
 .comment       0x00000030       0x2c c:/program files (x86)/atmel/studio/7.0/toolchain/avr8/avr8-gnu-toolchain/bin/../lib/gcc/avr/5.4.0/../../../../avr/lib/avr5\libc.a(errno.o)
                                 0x2d (size before relaxing)

.note.gnu.avr.deviceinfo
                0x00000000       0x3c
 .note.gnu.avr.deviceinfo
                0x00000000       0x3c C:/Program Files (x86)/Atmel/Studio/7.0/Packs/atmel/ATmega_DFP/1.7.374/gcc/dev/atmega32/avr5/crtatmega32.o

.note.gnu.build-id
 *(.note.gnu.build-id)

.debug
 *(.debug)

.line
 *(.line)

.debug_srcinfo
 *(.debug_srcinfo)

.debug_sfnames
 *(.debug_sfnames)

.debug_aranges
 *(.debug_aranges)

.debug_pubnames
 *(.debug_pubnames)

.debug_info     0x00000000      0x4e6
 *(.debug_info .gnu.linkonce.wi.*)
 .debug_info    0x00000000      0x4e6 C:/Program Files (x86)/Atmel/Studio/7.0/Packs/atmel/ATmega_DFP/1.7.374/gcc/dev/atmega32/avr5/crtatmega32.o

.debug_abbrev   0x00000000      0x4a3
 *(.debug_abbrev)
 .debug_abbrev  0x00000000      0x4a3 C:/Program Files (x86)/Atmel/Studio/7.0/Packs/atmel/ATmega_DFP/1.7.374/gcc/dev/atmega32/avr5/crtatmega32.o

.debug_line     0x00000000      0x116
 *(.debug_line .debug_line.* .debug_line_end)
 .debug_line    0x00000000      0x116 C:/Program Files (x86)/Atmel/Studio/7.0/Packs/atmel/ATmega_DFP/1.7.374/gcc/dev/atmega32/avr5/crtatmega32.o

.debug_frame
 *(.debug_frame)

.debug_str      0x00000000      0x196
 *(.debug_str)
 .debug_str     0x00000000      0x196 C:/Program Files (x86)/Atmel/Studio/7.0/Packs/atmel/ATmega_DFP/1.7.374/gcc/dev/atmega32/avr5/crtatmega32.o

.debug_loc
 *(.debug_loc)

.debug_macinfo
 *(.debug_macinfo)

.debug_weaknames
 *(.debug_weaknames)

.debug_funcnames
 *(.debug_funcnames)

.debug_typenames
 *(.debug_typenames)

.debug_varnames
 *(.debug_varnames)

.debug_pubtypes
 *(.debug_pubtypes)

.debug_ranges
 *(.debug_ranges)

.debug_macro
 *(.debug_macro)
OUTPUT(NTI_Drivers.elf elf32-avr)
LOAD linker stubs
