Archive member included to satisfy reference by file (symbol)

c:/program files (x86)/atmel/studio/7.0/toolchain/avr8/avr8-gnu-toolchain/bin/../lib/gcc/avr/5.4.0/avr5\libgcc.a(_udivmodhi4.o)
                              Services/Timer_Serv/Timer_Serv.o (__udivmodhi4)
c:/program files (x86)/atmel/studio/7.0/toolchain/avr8/avr8-gnu-toolchain/bin/../lib/gcc/avr/5.4.0/avr5\libgcc.a(_udivmodsi4.o)
                              HAL/LCD/LCD.o (__udivmodsi4)
c:/program files (x86)/atmel/studio/7.0/toolchain/avr8/avr8-gnu-toolchain/bin/../lib/gcc/avr/5.4.0/avr5\libgcc.a(_exit.o)
                              C:/Program Files (x86)/Atmel/Studio/7.0/Packs/atmel/ATmega_DFP/1.7.374/gcc/dev/atmega32/avr5/crtatmega32.o (exit)
c:/program files (x86)/atmel/studio/7.0/toolchain/avr8/avr8-gnu-toolchain/bin/../lib/gcc/avr/5.4.0/avr5\libgcc.a(_copy_data.o)
                              CFG/DIO_CFG.o (__do_copy_data)
c:/program files (x86)/atmel/studio/7.0/toolchain/avr8/avr8-gnu-toolchain/bin/../lib/gcc/avr/5.4.0/avr5\libgcc.a(_clear_bss.o)
                              main.o (__do_clear_bss)
c:/program files (x86)/atmel/studio/7.0/toolchain/avr8/avr8-gnu-toolchain/bin/../lib/gcc/avr/5.4.0/avr5\libgcc.a(_umulhisi3.o)
                              Services/Timer_Serv/Timer_Serv.o (__umulhisi3)

Discarded input sections

 .data          0x00000000        0x0 C:/Program Files (x86)/Atmel/Studio/7.0/Packs/atmel/ATmega_DFP/1.7.374/gcc/dev/atmega32/avr5/crtatmega32.o
 .bss           0x00000000        0x0 C:/Program Files (x86)/Atmel/Studio/7.0/Packs/atmel/ATmega_DFP/1.7.374/gcc/dev/atmega32/avr5/crtatmega32.o
 .text          0x00000000        0x0 CFG/DIO_CFG.o
 .data          0x00000000        0x0 CFG/DIO_CFG.o
 .bss           0x00000000        0x0 CFG/DIO_CFG.o
 .text          0x00000000        0x0 HAL/LCD/LCD.o
 .data          0x00000000        0x0 HAL/LCD/LCD.o
 .bss           0x00000000        0x0 HAL/LCD/LCD.o
 .text.LCD_CLR  0x00000000       0x14 HAL/LCD/LCD.o
 .text.LCD_WriteChar
                0x00000000        0x4 HAL/LCD/LCD.o
 .text.LCD_WriteBinary
                0x00000000       0x6c HAL/LCD/LCD.o
 .text.LCD_WriteHex
                0x00000000      0x15e HAL/LCD/LCD.o
 .text.LCD_WriteHexU32
                0x00000000       0xde HAL/LCD/LCD.o
 .text.LCD_CustomChar
                0x00000000       0x50 HAL/LCD/LCD.o
 .text          0x00000000        0x0 main.o
 .data          0x00000000        0x0 main.o
 .bss           0x00000000        0x0 main.o
 .text.vMillisIncrement
                0x00000000       0x54 main.o
 .bss.u16_millisCounter.2073
                0x00000000        0x2 main.o
 .bss.u16_100uSecCounter.2072
                0x00000000        0x2 main.o
 .text          0x00000000        0x0 MCAL/DIO/DIO.o
 .data          0x00000000        0x0 MCAL/DIO/DIO.o
 .bss           0x00000000        0x0 MCAL/DIO/DIO.o
 .text.DIO_SetPort
                0x00000000       0x20 MCAL/DIO/DIO.o
 .text.DIO_ReadPort
                0x00000000       0x22 MCAL/DIO/DIO.o
 .text.DIO_TogglePort
                0x00000000       0x30 MCAL/DIO/DIO.o
 .text          0x00000000        0x0 MCAL/Timer/Timer.o
 .data          0x00000000        0x0 MCAL/Timer/Timer.o
 .bss           0x00000000        0x0 MCAL/Timer/Timer.o
 .text.TIMER0_Init
                0x00000000       0x40 MCAL/Timer/Timer.o
 .text.TIMER0_OC0Mode
                0x00000000       0x36 MCAL/Timer/Timer.o
 .text.TIMER0_SetCompareValue
                0x00000000        0x4 MCAL/Timer/Timer.o
 .text.TIMER0_SetTimerValue
                0x00000000        0x4 MCAL/Timer/Timer.o
 .text.TIMER0_GetTimerValue
                0x00000000        0x4 MCAL/Timer/Timer.o
 .text.TIMER0_OV_InterruptEnable
                0x00000000        0x8 MCAL/Timer/Timer.o
 .text.TIMER0_OV_InterruptDisable
                0x00000000        0x8 MCAL/Timer/Timer.o
 .text.TIMER0_OC_InterruptEnable
                0x00000000        0x8 MCAL/Timer/Timer.o
 .text.TIMER0_OC_InterruptDisable
                0x00000000        0x8 MCAL/Timer/Timer.o
 .text.TIMER0_OV_SetCallBack
                0x00000000        0xa MCAL/Timer/Timer.o
 .text.TIMER0_OC_SetCallBack
                0x00000000        0xa MCAL/Timer/Timer.o
 .text.Timer1_OCRA1Mode
                0x00000000       0x36 MCAL/Timer/Timer.o
 .text.Timer1_OCRB1Mode
                0x00000000       0x36 MCAL/Timer/Timer.o
 .text.Timer1_InputCaptureEdge
                0x00000000       0x16 MCAL/Timer/Timer.o
 .text.TIMER1_SetCompareValueA
                0x00000000        0x6 MCAL/Timer/Timer.o
 .text.TIMER1_SetCompareValueB
                0x00000000        0x6 MCAL/Timer/Timer.o
 .text.TIMER1_SetTimerValue
                0x00000000        0x6 MCAL/Timer/Timer.o
 .text.TIMER1_GetTimerValue
                0x00000000        0x6 MCAL/Timer/Timer.o
 .text.TIMER1_SetICUValue
                0x00000000        0x6 MCAL/Timer/Timer.o
 .text.TIMER1_GetICUValue
                0x00000000        0x6 MCAL/Timer/Timer.o
 .text.Timer1_ICU_InterruptEnable
                0x00000000        0x8 MCAL/Timer/Timer.o
 .text.Timer1_ICU_InterruptDisable
                0x00000000        0x8 MCAL/Timer/Timer.o
 .text.Timer1_OVF_InterruptEnable
                0x00000000        0x8 MCAL/Timer/Timer.o
 .text.Timer1_OVF_InterruptDisable
                0x00000000        0x8 MCAL/Timer/Timer.o
 .text.Timer1_OCA_InterruptDisable
                0x00000000        0x8 MCAL/Timer/Timer.o
 .text.Timer1_OCB_InterruptEnable
                0x00000000        0x8 MCAL/Timer/Timer.o
 .text.Timer1_OCB_InterruptDisable
                0x00000000        0x8 MCAL/Timer/Timer.o
 .text.Timer1_OVF_SetCallBack
                0x00000000        0xa MCAL/Timer/Timer.o
 .text.Timer1_OCB_SetCallBack
                0x00000000        0xa MCAL/Timer/Timer.o
 .text.Timer1_ICU_SetCallBack
                0x00000000        0xa MCAL/Timer/Timer.o
 .text.TIMER2_Init
                0x00000000       0x40 MCAL/Timer/Timer.o
 .text.TIMER2_OC2Mode
                0x00000000       0x36 MCAL/Timer/Timer.o
 .text.TIMER2_SetCompareValue
                0x00000000        0x4 MCAL/Timer/Timer.o
 .text.TIMER2_SetTimerValue
                0x00000000        0x4 MCAL/Timer/Timer.o
 .text.TIMER2_GetTimerValue
                0x00000000        0x4 MCAL/Timer/Timer.o
 .text.TIMER2_OV_InterruptEnable
                0x00000000        0x8 MCAL/Timer/Timer.o
 .text.TIMER2_OV_InterruptDisable
                0x00000000        0x8 MCAL/Timer/Timer.o
 .text.TIMER2_OC_InterruptEnable
                0x00000000        0x8 MCAL/Timer/Timer.o
 .text.TIMER2_OC_InterruptDisable
                0x00000000        0x8 MCAL/Timer/Timer.o
 .text.TIMER2_OV_SetCallBack
                0x00000000        0xa MCAL/Timer/Timer.o
 .text.TIMER2_OC_SetCallBack
                0x00000000        0xa MCAL/Timer/Timer.o
 .text          0x00000000        0x0 OS/OS.o
 .data          0x00000000        0x0 OS/OS.o
 .bss           0x00000000        0x0 OS/OS.o
 .text          0x00000000        0x0 OS/Tasks.o
 .data          0x00000000        0x0 OS/Tasks.o
 .bss           0x00000000        0x0 OS/Tasks.o
 .text          0x00000000        0x0 Services/Timer_Serv/Timer_Serv.o
 .data          0x00000000        0x0 Services/Timer_Serv/Timer_Serv.o
 .bss           0x00000000        0x0 Services/Timer_Serv/Timer_Serv.o
 .text.Func_ICU
                0x00000000       0x72 Services/Timer_Serv/Timer_Serv.o
 .text.PWM_Freq_KHZ
                0x00000000       0x24 Services/Timer_Serv/Timer_Serv.o
 .text.PWM_Freq_HZ
                0x00000000       0x2c Services/Timer_Serv/Timer_Serv.o
 .text.PWM_Duty
                0x00000000       0x34 Services/Timer_Serv/Timer_Serv.o
 .text.Timer1_SetInterruptTime_ms
                0x00000000       0x24 Services/Timer_Serv/Timer_Serv.o
 .text.Timer1_SetInterruptTime_us
                0x00000000       0x10 Services/Timer_Serv/Timer_Serv.o
 .text.PWM_Measure2
                0x00000000       0xaa Services/Timer_Serv/Timer_Serv.o
 .text.PWM_Measure
                0x00000000      0x110 Services/Timer_Serv/Timer_Serv.o
 .bss.flag      0x00000000        0x2 Services/Timer_Serv/Timer_Serv.o
 .bss.t3        0x00000000        0x2 Services/Timer_Serv/Timer_Serv.o
 .bss.t2        0x00000000        0x2 Services/Timer_Serv/Timer_Serv.o
 .bss.t1        0x00000000        0x2 Services/Timer_Serv/Timer_Serv.o
 .text          0x00000000        0x0 c:/program files (x86)/atmel/studio/7.0/toolchain/avr8/avr8-gnu-toolchain/bin/../lib/gcc/avr/5.4.0/avr5\libgcc.a(_udivmodhi4.o)
 .data          0x00000000        0x0 c:/program files (x86)/atmel/studio/7.0/toolchain/avr8/avr8-gnu-toolchain/bin/../lib/gcc/avr/5.4.0/avr5\libgcc.a(_udivmodhi4.o)
 .bss           0x00000000        0x0 c:/program files (x86)/atmel/studio/7.0/toolchain/avr8/avr8-gnu-toolchain/bin/../lib/gcc/avr/5.4.0/avr5\libgcc.a(_udivmodhi4.o)
 .text.libgcc.mul
                0x00000000        0x0 c:/program files (x86)/atmel/studio/7.0/toolchain/avr8/avr8-gnu-toolchain/bin/../lib/gcc/avr/5.4.0/avr5\libgcc.a(_udivmodhi4.o)
 .text.libgcc.div
                0x00000000       0x28 c:/program files (x86)/atmel/studio/7.0/toolchain/avr8/avr8-gnu-toolchain/bin/../lib/gcc/avr/5.4.0/avr5\libgcc.a(_udivmodhi4.o)
 .text.libgcc   0x00000000        0x0 c:/program files (x86)/atmel/studio/7.0/toolchain/avr8/avr8-gnu-toolchain/bin/../lib/gcc/avr/5.4.0/avr5\libgcc.a(_udivmodhi4.o)
 .text.libgcc.prologue
                0x00000000        0x0 c:/program files (x86)/atmel/studio/7.0/toolchain/avr8/avr8-gnu-toolchain/bin/../lib/gcc/avr/5.4.0/avr5\libgcc.a(_udivmodhi4.o)
 .text.libgcc.builtins
                0x00000000        0x0 c:/program files (x86)/atmel/studio/7.0/toolchain/avr8/avr8-gnu-toolchain/bin/../lib/gcc/avr/5.4.0/avr5\libgcc.a(_udivmodhi4.o)
 .text.libgcc.fmul
                0x00000000        0x0 c:/program files (x86)/atmel/studio/7.0/toolchain/avr8/avr8-gnu-toolchain/bin/../lib/gcc/avr/5.4.0/avr5\libgcc.a(_udivmodhi4.o)
 .text.libgcc.fixed
                0x00000000        0x0 c:/program files (x86)/atmel/studio/7.0/toolchain/avr8/avr8-gnu-toolchain/bin/../lib/gcc/avr/5.4.0/avr5\libgcc.a(_udivmodhi4.o)
 .text          0x00000000        0x0 c:/program files (x86)/atmel/studio/7.0/toolchain/avr8/avr8-gnu-toolchain/bin/../lib/gcc/avr/5.4.0/avr5\libgcc.a(_udivmodsi4.o)
 .data          0x00000000        0x0 c:/program files (x86)/atmel/studio/7.0/toolchain/avr8/avr8-gnu-toolchain/bin/../lib/gcc/avr/5.4.0/avr5\libgcc.a(_udivmodsi4.o)
 .bss           0x00000000        0x0 c:/program files (x86)/atmel/studio/7.0/toolchain/avr8/avr8-gnu-toolchain/bin/../lib/gcc/avr/5.4.0/avr5\libgcc.a(_udivmodsi4.o)
 .text.libgcc.mul
                0x00000000        0x0 c:/program files (x86)/atmel/studio/7.0/toolchain/avr8/avr8-gnu-toolchain/bin/../lib/gcc/avr/5.4.0/avr5\libgcc.a(_udivmodsi4.o)
 .text.libgcc   0x00000000        0x0 c:/program files (x86)/atmel/studio/7.0/toolchain/avr8/avr8-gnu-toolchain/bin/../lib/gcc/avr/5.4.0/avr5\libgcc.a(_udivmodsi4.o)
 .text.libgcc.prologue
                0x00000000        0x0 c:/program files (x86)/atmel/studio/7.0/toolchain/avr8/avr8-gnu-toolchain/bin/../lib/gcc/avr/5.4.0/avr5\libgcc.a(_udivmodsi4.o)
 .text.libgcc.builtins
                0x00000000        0x0 c:/program files (x86)/atmel/studio/7.0/toolchain/avr8/avr8-gnu-toolchain/bin/../lib/gcc/avr/5.4.0/avr5\libgcc.a(_udivmodsi4.o)
 .text.libgcc.fmul
                0x00000000        0x0 c:/program files (x86)/atmel/studio/7.0/toolchain/avr8/avr8-gnu-toolchain/bin/../lib/gcc/avr/5.4.0/avr5\libgcc.a(_udivmodsi4.o)
 .text.libgcc.fixed
                0x00000000        0x0 c:/program files (x86)/atmel/studio/7.0/toolchain/avr8/avr8-gnu-toolchain/bin/../lib/gcc/avr/5.4.0/avr5\libgcc.a(_udivmodsi4.o)
 .text          0x00000000        0x0 c:/program files (x86)/atmel/studio/7.0/toolchain/avr8/avr8-gnu-toolchain/bin/../lib/gcc/avr/5.4.0/avr5\libgcc.a(_exit.o)
 .data          0x00000000        0x0 c:/program files (x86)/atmel/studio/7.0/toolchain/avr8/avr8-gnu-toolchain/bin/../lib/gcc/avr/5.4.0/avr5\libgcc.a(_exit.o)
 .bss           0x00000000        0x0 c:/program files (x86)/atmel/studio/7.0/toolchain/avr8/avr8-gnu-toolchain/bin/../lib/gcc/avr/5.4.0/avr5\libgcc.a(_exit.o)
 .text.libgcc.mul
                0x00000000        0x0 c:/program files (x86)/atmel/studio/7.0/toolchain/avr8/avr8-gnu-toolchain/bin/../lib/gcc/avr/5.4.0/avr5\libgcc.a(_exit.o)
 .text.libgcc.div
                0x00000000        0x0 c:/program files (x86)/atmel/studio/7.0/toolchain/avr8/avr8-gnu-toolchain/bin/../lib/gcc/avr/5.4.0/avr5\libgcc.a(_exit.o)
 .text.libgcc   0x00000000        0x0 c:/program files (x86)/atmel/studio/7.0/toolchain/avr8/avr8-gnu-toolchain/bin/../lib/gcc/avr/5.4.0/avr5\libgcc.a(_exit.o)
 .text.libgcc.prologue
                0x00000000        0x0 c:/program files (x86)/atmel/studio/7.0/toolchain/avr8/avr8-gnu-toolchain/bin/../lib/gcc/avr/5.4.0/avr5\libgcc.a(_exit.o)
 .text.libgcc.builtins
                0x00000000        0x0 c:/program files (x86)/atmel/studio/7.0/toolchain/avr8/avr8-gnu-toolchain/bin/../lib/gcc/avr/5.4.0/avr5\libgcc.a(_exit.o)
 .text.libgcc.fmul
                0x00000000        0x0 c:/program files (x86)/atmel/studio/7.0/toolchain/avr8/avr8-gnu-toolchain/bin/../lib/gcc/avr/5.4.0/avr5\libgcc.a(_exit.o)
 .text.libgcc.fixed
                0x00000000        0x0 c:/program files (x86)/atmel/studio/7.0/toolchain/avr8/avr8-gnu-toolchain/bin/../lib/gcc/avr/5.4.0/avr5\libgcc.a(_exit.o)
 .text          0x00000000        0x0 c:/program files (x86)/atmel/studio/7.0/toolchain/avr8/avr8-gnu-toolchain/bin/../lib/gcc/avr/5.4.0/avr5\libgcc.a(_copy_data.o)
 .data          0x00000000        0x0 c:/program files (x86)/atmel/studio/7.0/toolchain/avr8/avr8-gnu-toolchain/bin/../lib/gcc/avr/5.4.0/avr5\libgcc.a(_copy_data.o)
 .bss           0x00000000        0x0 c:/program files (x86)/atmel/studio/7.0/toolchain/avr8/avr8-gnu-toolchain/bin/../lib/gcc/avr/5.4.0/avr5\libgcc.a(_copy_data.o)
 .text.libgcc.mul
                0x00000000        0x0 c:/program files (x86)/atmel/studio/7.0/toolchain/avr8/avr8-gnu-toolchain/bin/../lib/gcc/avr/5.4.0/avr5\libgcc.a(_copy_data.o)
 .text.libgcc.div
                0x00000000        0x0 c:/program files (x86)/atmel/studio/7.0/toolchain/avr8/avr8-gnu-toolchain/bin/../lib/gcc/avr/5.4.0/avr5\libgcc.a(_copy_data.o)
 .text.libgcc   0x00000000        0x0 c:/program files (x86)/atmel/studio/7.0/toolchain/avr8/avr8-gnu-toolchain/bin/../lib/gcc/avr/5.4.0/avr5\libgcc.a(_copy_data.o)
 .text.libgcc.prologue
                0x00000000        0x0 c:/program files (x86)/atmel/studio/7.0/toolchain/avr8/avr8-gnu-toolchain/bin/../lib/gcc/avr/5.4.0/avr5\libgcc.a(_copy_data.o)
 .text.libgcc.builtins
                0x00000000        0x0 c:/program files (x86)/atmel/studio/7.0/toolchain/avr8/avr8-gnu-toolchain/bin/../lib/gcc/avr/5.4.0/avr5\libgcc.a(_copy_data.o)
 .text.libgcc.fmul
                0x00000000        0x0 c:/program files (x86)/atmel/studio/7.0/toolchain/avr8/avr8-gnu-toolchain/bin/../lib/gcc/avr/5.4.0/avr5\libgcc.a(_copy_data.o)
 .text.libgcc.fixed
                0x00000000        0x0 c:/program files (x86)/atmel/studio/7.0/toolchain/avr8/avr8-gnu-toolchain/bin/../lib/gcc/avr/5.4.0/avr5\libgcc.a(_copy_data.o)
 .text          0x00000000        0x0 c:/program files (x86)/atmel/studio/7.0/toolchain/avr8/avr8-gnu-toolchain/bin/../lib/gcc/avr/5.4.0/avr5\libgcc.a(_clear_bss.o)
 .data          0x00000000        0x0 c:/program files (x86)/atmel/studio/7.0/toolchain/avr8/avr8-gnu-toolchain/bin/../lib/gcc/avr/5.4.0/avr5\libgcc.a(_clear_bss.o)
 .bss           0x00000000        0x0 c:/program files (x86)/atmel/studio/7.0/toolchain/avr8/avr8-gnu-toolchain/bin/../lib/gcc/avr/5.4.0/avr5\libgcc.a(_clear_bss.o)
 .text.libgcc.mul
                0x00000000        0x0 c:/program files (x86)/atmel/studio/7.0/toolchain/avr8/avr8-gnu-toolchain/bin/../lib/gcc/avr/5.4.0/avr5\libgcc.a(_clear_bss.o)
 .text.libgcc.div
                0x00000000        0x0 c:/program files (x86)/atmel/studio/7.0/toolchain/avr8/avr8-gnu-toolchain/bin/../lib/gcc/avr/5.4.0/avr5\libgcc.a(_clear_bss.o)
 .text.libgcc   0x00000000        0x0 c:/program files (x86)/atmel/studio/7.0/toolchain/avr8/avr8-gnu-toolchain/bin/../lib/gcc/avr/5.4.0/avr5\libgcc.a(_clear_bss.o)
 .text.libgcc.prologue
                0x00000000        0x0 c:/program files (x86)/atmel/studio/7.0/toolchain/avr8/avr8-gnu-toolchain/bin/../lib/gcc/avr/5.4.0/avr5\libgcc.a(_clear_bss.o)
 .text.libgcc.builtins
                0x00000000        0x0 c:/program files (x86)/atmel/studio/7.0/toolchain/avr8/avr8-gnu-toolchain/bin/../lib/gcc/avr/5.4.0/avr5\libgcc.a(_clear_bss.o)
 .text.libgcc.fmul
                0x00000000        0x0 c:/program files (x86)/atmel/studio/7.0/toolchain/avr8/avr8-gnu-toolchain/bin/../lib/gcc/avr/5.4.0/avr5\libgcc.a(_clear_bss.o)
 .text.libgcc.fixed
                0x00000000        0x0 c:/program files (x86)/atmel/studio/7.0/toolchain/avr8/avr8-gnu-toolchain/bin/../lib/gcc/avr/5.4.0/avr5\libgcc.a(_clear_bss.o)
 .text          0x00000000        0x0 c:/program files (x86)/atmel/studio/7.0/toolchain/avr8/avr8-gnu-toolchain/bin/../lib/gcc/avr/5.4.0/avr5\libgcc.a(_umulhisi3.o)
 .data          0x00000000        0x0 c:/program files (x86)/atmel/studio/7.0/toolchain/avr8/avr8-gnu-toolchain/bin/../lib/gcc/avr/5.4.0/avr5\libgcc.a(_umulhisi3.o)
 .bss           0x00000000        0x0 c:/program files (x86)/atmel/studio/7.0/toolchain/avr8/avr8-gnu-toolchain/bin/../lib/gcc/avr/5.4.0/avr5\libgcc.a(_umulhisi3.o)
 .text.libgcc.mul
                0x00000000       0x1e c:/program files (x86)/atmel/studio/7.0/toolchain/avr8/avr8-gnu-toolchain/bin/../lib/gcc/avr/5.4.0/avr5\libgcc.a(_umulhisi3.o)
 .text.libgcc.div
                0x00000000        0x0 c:/program files (x86)/atmel/studio/7.0/toolchain/avr8/avr8-gnu-toolchain/bin/../lib/gcc/avr/5.4.0/avr5\libgcc.a(_umulhisi3.o)
 .text.libgcc   0x00000000        0x0 c:/program files (x86)/atmel/studio/7.0/toolchain/avr8/avr8-gnu-toolchain/bin/../lib/gcc/avr/5.4.0/avr5\libgcc.a(_umulhisi3.o)
 .text.libgcc.prologue
                0x00000000        0x0 c:/program files (x86)/atmel/studio/7.0/toolchain/avr8/avr8-gnu-toolchain/bin/../lib/gcc/avr/5.4.0/avr5\libgcc.a(_umulhisi3.o)
 .text.libgcc.builtins
                0x00000000        0x0 c:/program files (x86)/atmel/studio/7.0/toolchain/avr8/avr8-gnu-toolchain/bin/../lib/gcc/avr/5.4.0/avr5\libgcc.a(_umulhisi3.o)
 .text.libgcc.fmul
                0x00000000        0x0 c:/program files (x86)/atmel/studio/7.0/toolchain/avr8/avr8-gnu-toolchain/bin/../lib/gcc/avr/5.4.0/avr5\libgcc.a(_umulhisi3.o)
 .text.libgcc.fixed
                0x00000000        0x0 c:/program files (x86)/atmel/studio/7.0/toolchain/avr8/avr8-gnu-toolchain/bin/../lib/gcc/avr/5.4.0/avr5\libgcc.a(_umulhisi3.o)

Memory Configuration

Name             Origin             Length             Attributes
text             0x00000000         0x00008000         xr
data             0x00800060         0x00000800         rw !x
eeprom           0x00810000         0x00000400         rw !x
fuse             0x00820000         0x00000002         rw !x
lock             0x00830000         0x00000400         rw !x
signature        0x00840000         0x00000400         rw !x
user_signatures  0x00850000         0x00000400         rw !x
*default*        0x00000000         0xffffffff

Linker script and memory map

LOAD C:/Program Files (x86)/Atmel/Studio/7.0/Packs/atmel/ATmega_DFP/1.7.374/gcc/dev/atmega32/avr5/crtatmega32.o
LOAD CFG/DIO_CFG.o
LOAD HAL/LCD/LCD.o
LOAD main.o
LOAD MCAL/DIO/DIO.o
LOAD MCAL/Timer/Timer.o
LOAD OS/OS.o
LOAD OS/Tasks.o
LOAD Services/Timer_Serv/Timer_Serv.o
START GROUP
LOAD c:/program files (x86)/atmel/studio/7.0/toolchain/avr8/avr8-gnu-toolchain/bin/../lib/gcc/avr/5.4.0/../../../../avr/lib/avr5\libm.a
END GROUP
START GROUP
LOAD c:/program files (x86)/atmel/studio/7.0/toolchain/avr8/avr8-gnu-toolchain/bin/../lib/gcc/avr/5.4.0/avr5\libgcc.a
LOAD c:/program files (x86)/atmel/studio/7.0/toolchain/avr8/avr8-gnu-toolchain/bin/../lib/gcc/avr/5.4.0/../../../../avr/lib/avr5\libm.a
LOAD c:/program files (x86)/atmel/studio/7.0/toolchain/avr8/avr8-gnu-toolchain/bin/../lib/gcc/avr/5.4.0/../../../../avr/lib/avr5\libc.a
LOAD C:/Program Files (x86)/Atmel/Studio/7.0/Packs/atmel/ATmega_DFP/1.7.374/gcc/dev/atmega32/avr5\libatmega32.a
END GROUP
                0x00000000                __TEXT_REGION_ORIGIN__ = DEFINED (__TEXT_REGION_ORIGIN__)?__TEXT_REGION_ORIGIN__:0x0
                [0x00800060]                __DATA_REGION_ORIGIN__ = DEFINED (__DATA_REGION_ORIGIN__)?__DATA_REGION_ORIGIN__:0x800060
                [0x00008000]                __TEXT_REGION_LENGTH__ = DEFINED (__TEXT_REGION_LENGTH__)?__TEXT_REGION_LENGTH__:0x20000
                [0x00000800]                __DATA_REGION_LENGTH__ = DEFINED (__DATA_REGION_LENGTH__)?__DATA_REGION_LENGTH__:0xffa0
                [0x00000400]                __EEPROM_REGION_LENGTH__ = DEFINED (__EEPROM_REGION_LENGTH__)?__EEPROM_REGION_LENGTH__:0x10000
                [0x00000002]                __FUSE_REGION_LENGTH__ = DEFINED (__FUSE_REGION_LENGTH__)?__FUSE_REGION_LENGTH__:0x400
                0x00000400                __LOCK_REGION_LENGTH__ = DEFINED (__LOCK_REGION_LENGTH__)?__LOCK_REGION_LENGTH__:0x400
                0x00000400                __SIGNATURE_REGION_LENGTH__ = DEFINED (__SIGNATURE_REGION_LENGTH__)?__SIGNATURE_REGION_LENGTH__:0x400
                0x00000400                __USER_SIGNATURE_REGION_LENGTH__ = DEFINED (__USER_SIGNATURE_REGION_LENGTH__)?__USER_SIGNATURE_REGION_LENGTH__:0x400

.hash
 *(.hash)

.dynsym
 *(.dynsym)

.dynstr
 *(.dynstr)

.gnu.version
 *(.gnu.version)

.gnu.version_d
 *(.gnu.version_d)

.gnu.version_r
 *(.gnu.version_r)

.rel.init
 *(.rel.init)

.rela.init
 *(.rela.init)

.rel.text
 *(.rel.text)
 *(.rel.text.*)
 *(.rel.gnu.linkonce.t*)

.rela.text
 *(.rela.text)
 *(.rela.text.*)
 *(.rela.gnu.linkonce.t*)

.rel.fini
 *(.rel.fini)

.rela.fini
 *(.rela.fini)

.rel.rodata
 *(.rel.rodata)
 *(.rel.rodata.*)
 *(.rel.gnu.linkonce.r*)

.rela.rodata
 *(.rela.rodata)
 *(.rela.rodata.*)
 *(.rela.gnu.linkonce.r*)

.rel.data
 *(.rel.data)
 *(.rel.data.*)
 *(.rel.gnu.linkonce.d*)

.rela.data
 *(.rela.data)
 *(.rela.data.*)
 *(.rela.gnu.linkonce.d*)

.rel.ctors
 *(.rel.ctors)

.rela.ctors
 *(.rela.ctors)

.rel.dtors
 *(.rel.dtors)

.rela.dtors
 *(.rela.dtors)

.rel.got
 *(.rel.got)

.rela.got
 *(.rela.got)

.rel.bss
 *(.rel.bss)

.rela.bss
 *(.rela.bss)

.rel.plt
 *(.rel.plt)

.rela.plt
 *(.rela.plt)

.text           0x00000000      0xd88
 *(.vectors)
 .vectors       0x00000000       0x54 C:/Program Files (x86)/Atmel/Studio/7.0/Packs/atmel/ATmega_DFP/1.7.374/gcc/dev/atmega32/avr5/crtatmega32.o
                0x00000000                __vector_default
                0x00000000                __vectors
 *(.vectors)
 *(.progmem.gcc*)
                0x00000054                . = ALIGN (0x2)
                0x00000054                __trampolines_start = .
 *(.trampolines)
 .trampolines   0x00000054        0x0 linker stubs
 *(.trampolines*)
                0x00000054                __trampolines_end = .
 *libprintf_flt.a:*(.progmem.data)
 *libc.a:*(.progmem.data)
 *(.progmem*)
                0x00000054                . = ALIGN (0x2)
 *(.jumptables)
 *(.jumptables*)
 *(.lowtext)
 *(.lowtext*)
                0x00000054                __ctors_start = .
 *(.ctors)
                0x00000054                __ctors_end = .
                0x00000054                __dtors_start = .
 *(.dtors)
                0x00000054                __dtors_end = .
 SORT(*)(.ctors)
 SORT(*)(.dtors)
 *(.init0)
 .init0         0x00000054        0x0 C:/Program Files (x86)/Atmel/Studio/7.0/Packs/atmel/ATmega_DFP/1.7.374/gcc/dev/atmega32/avr5/crtatmega32.o
                0x00000054                __init
 *(.init0)
 *(.init1)
 *(.init1)
 *(.init2)
 .init2         0x00000054        0xc C:/Program Files (x86)/Atmel/Studio/7.0/Packs/atmel/ATmega_DFP/1.7.374/gcc/dev/atmega32/avr5/crtatmega32.o
 *(.init2)
 *(.init3)
 *(.init3)
 *(.init4)
 .init4         0x00000060       0x16 c:/program files (x86)/atmel/studio/7.0/toolchain/avr8/avr8-gnu-toolchain/bin/../lib/gcc/avr/5.4.0/avr5\libgcc.a(_copy_data.o)
                0x00000060                __do_copy_data
 .init4         0x00000076       0x10 c:/program files (x86)/atmel/studio/7.0/toolchain/avr8/avr8-gnu-toolchain/bin/../lib/gcc/avr/5.4.0/avr5\libgcc.a(_clear_bss.o)
                0x00000076                __do_clear_bss
 *(.init4)
 *(.init5)
 *(.init5)
 *(.init6)
 *(.init6)
 *(.init7)
 *(.init7)
 *(.init8)
 *(.init8)
 *(.init9)
 .init9         0x00000086        0x8 C:/Program Files (x86)/Atmel/Studio/7.0/Packs/atmel/ATmega_DFP/1.7.374/gcc/dev/atmega32/avr5/crtatmega32.o
 *(.init9)
 *(.text)
 .text          0x0000008e        0x4 C:/Program Files (x86)/Atmel/Studio/7.0/Packs/atmel/ATmega_DFP/1.7.374/gcc/dev/atmega32/avr5/crtatmega32.o
                0x0000008e                __vector_1
                0x0000008e                __vector_12
                0x0000008e                __bad_interrupt
                0x0000008e                __vector_3
                0x0000008e                __vector_13
                0x0000008e                __vector_17
                0x0000008e                __vector_19
                0x0000008e                __vector_2
                0x0000008e                __vector_15
                0x0000008e                __vector_14
                0x0000008e                __vector_16
                0x0000008e                __vector_18
                0x0000008e                __vector_20
                0x00000092                . = ALIGN (0x2)
 *(.text.*)
 .text.LCD_Instruction
                0x00000092       0xc0 HAL/LCD/LCD.o
 .text.LCD_WriteData
                0x00000152       0xc0 HAL/LCD/LCD.o
 .text.LCD_Init
                0x00000212       0x3c HAL/LCD/LCD.o
                0x00000212                LCD_Init
 .text.LCD_GoTo
                0x0000024e       0x28 HAL/LCD/LCD.o
                0x0000024e                LCD_GoTo
 .text.LCD_WriteString
                0x00000276       0x26 HAL/LCD/LCD.o
                0x00000276                LCD_WriteString
 .text.LCD_WriteNumber
                0x0000029c       0xcc HAL/LCD/LCD.o
                0x0000029c                LCD_WriteNumber
 .text.LCD_Clear_Position
                0x00000368       0x20 HAL/LCD/LCD.o
                0x00000368                LCD_Clear_Position
 .text.OS_Increrment
                0x00000388        0x8 main.o
                0x00000388                OS_Increrment
 .text.vInitEcu
                0x00000390       0x40 main.o
                0x00000390                vInitEcu
 .text.InitScheduler
                0x000003d0       0x2a main.o
                0x000003d0                InitScheduler
 .text.startup.main
                0x000003fa       0x18 main.o
                0x000003fa                main
 .text.DIO_SetPinDirection
                0x00000412      0x1e2 MCAL/DIO/DIO.o
                0x00000412                DIO_SetPinDirection
 .text.DIO_Init
                0x000005f4       0x26 MCAL/DIO/DIO.o
                0x000005f4                DIO_Init
 .text.DIO_SetPin
                0x0000061a      0x166 MCAL/DIO/DIO.o
                0x0000061a                DIO_SetPin
 .text.DIO_ReadPin
                0x00000780       0x3a MCAL/DIO/DIO.o
                0x00000780                DIO_ReadPin
 .text.DIO_TogglePin
                0x000007ba       0x44 MCAL/DIO/DIO.o
                0x000007ba                DIO_TogglePin
 .text.__vector_11
                0x000007fe       0x54 MCAL/Timer/Timer.o
                0x000007fe                __vector_11
 .text.__vector_10
                0x00000852       0x54 MCAL/Timer/Timer.o
                0x00000852                __vector_10
 .text.Timer1_Init
                0x000008a6       0x78 MCAL/Timer/Timer.o
                0x000008a6                Timer1_Init
 .text.Timer1_OCA_InterruptEnable
                0x0000091e        0x8 MCAL/Timer/Timer.o
                0x0000091e                Timer1_OCA_InterruptEnable
 .text.Timer1_OCA_SetCallBack
                0x00000926        0xa MCAL/Timer/Timer.o
                0x00000926                Timer1_OCA_SetCallBack
 .text.__vector_9
                0x00000930       0x54 MCAL/Timer/Timer.o
                0x00000930                __vector_9
 .text.__vector_7
                0x00000984       0x54 MCAL/Timer/Timer.o
                0x00000984                __vector_7
 .text.__vector_8
                0x000009d8       0x54 MCAL/Timer/Timer.o
                0x000009d8                __vector_8
 .text.__vector_6
                0x00000a2c       0x54 MCAL/Timer/Timer.o
                0x00000a2c                __vector_6
 .text.__vector_5
                0x00000a80       0x54 MCAL/Timer/Timer.o
                0x00000a80                __vector_5
 .text.__vector_4
                0x00000ad4       0x54 MCAL/Timer/Timer.o
                0x00000ad4                __vector_4
 .text.OS_TaskCreate
                0x00000b28       0x42 OS/OS.o
                0x00000b28                OS_TaskCreate
 .text.OS_Task_Handler
                0x00000b6a       0x2c OS/OS.o
                0x00000b6a                OS_Task_Handler
 .text.OS_TaskExecution
                0x00000b96       0x4e OS/OS.o
                0x00000b96                OS_TaskExecution
 .text.Task_2S_Blink
                0x00000be4       0x36 OS/Tasks.o
                0x00000be4                Task_2S_Blink
 .text.Task_1S_LcdUpdate
                0x00000c1a       0x36 OS/Tasks.o
                0x00000c1a                Task_1S_LcdUpdate
 .text.Task_3S_Blink
                0x00000c50       0x36 OS/Tasks.o
                0x00000c50                Task_3S_Blink
 .text.Timer_func
                0x00000c86       0x5c Services/Timer_Serv/Timer_Serv.o
 .text.Timer1_SetInterruptTime_s
                0x00000ce2       0x5e Services/Timer_Serv/Timer_Serv.o
                0x00000ce2                Timer1_SetInterruptTime_s
 .text.libgcc.div
                0x00000d40       0x44 c:/program files (x86)/atmel/studio/7.0/toolchain/avr8/avr8-gnu-toolchain/bin/../lib/gcc/avr/5.4.0/avr5\libgcc.a(_udivmodsi4.o)
                0x00000d40                __udivmodsi4
                0x00000d84                . = ALIGN (0x2)
 *(.fini9)
 .fini9         0x00000d84        0x0 c:/program files (x86)/atmel/studio/7.0/toolchain/avr8/avr8-gnu-toolchain/bin/../lib/gcc/avr/5.4.0/avr5\libgcc.a(_exit.o)
                0x00000d84                _exit
                0x00000d84                exit
 *(.fini9)
 *(.fini8)
 *(.fini8)
 *(.fini7)
 *(.fini7)
 *(.fini6)
 *(.fini6)
 *(.fini5)
 *(.fini5)
 *(.fini4)
 *(.fini4)
 *(.fini3)
 *(.fini3)
 *(.fini2)
 *(.fini2)
 *(.fini1)
 *(.fini1)
 *(.fini0)
 .fini0         0x00000d84        0x4 c:/program files (x86)/atmel/studio/7.0/toolchain/avr8/avr8-gnu-toolchain/bin/../lib/gcc/avr/5.4.0/avr5\libgcc.a(_exit.o)
 *(.fini0)
                0x00000d88                _etext = .

.data           0x00800060       0x52 load address 0x00000d88
                0x00800060                PROVIDE (__data_start, .)
 *(.data)
 *(.data*)
 .data.Timer2_OC_Fptr
                0x00800060        0x2 MCAL/Timer/Timer.o
 .data.Timer2_OVF_Fptr
                0x00800062        0x2 MCAL/Timer/Timer.o
 .data.Timer1_ICU_Fptr
                0x00800064        0x2 MCAL/Timer/Timer.o
 .data.Timer1_OCB_Fptr
                0x00800066        0x2 MCAL/Timer/Timer.o
 .data.Timer1_OCA_Fptr
                0x00800068        0x2 MCAL/Timer/Timer.o
 .data.Timer1_OVF_Fptr
                0x0080006a        0x2 MCAL/Timer/Timer.o
 .data.Timer0_OC_Fptr
                0x0080006c        0x2 MCAL/Timer/Timer.o
 .data.Timer0_OVF_Fptr
                0x0080006e        0x2 MCAL/Timer/Timer.o
 .data.u16Seconds.2046
                0x00800070        0x2 OS/Tasks.o
 *(.gnu.linkonce.d*)
 *(.rodata)
 *(.rodata*)
 .rodata.DIO_PinsStatusArr
                0x00800072       0x20 CFG/DIO_CFG.o
                0x00800072                DIO_PinsStatusArr
 .rodata.str1.1
                0x00800092       0x18 main.o
 .rodata.str1.1
                0x008000aa        0x7 OS/Tasks.o
 *(.gnu.linkonce.r*)
                0x008000b2                . = ALIGN (0x2)
 *fill*         0x008000b1        0x1 
                0x008000b2                _edata = .
                0x008000b2                PROVIDE (__data_end, .)

.bss            0x008000b2       0x1d
                0x008000b2                PROVIDE (__bss_start, .)
 *(.bss)
 *(.bss*)
 .bss.taskCounter
                0x008000b2        0x1 OS/OS.o
 .bss.taskArray
                0x008000b3       0x12 OS/OS.o
 .bss.c.1936    0x008000c5        0x4 Services/Timer_Serv/Timer_Serv.o
 .bss.fptr_timer
                0x008000c9        0x2 Services/Timer_Serv/Timer_Serv.o
 .bss.NofOverFlow
                0x008000cb        0x4 Services/Timer_Serv/Timer_Serv.o
 *(COMMON)
                0x008000cf                PROVIDE (__bss_end, .)
                0x00000d88                __data_load_start = LOADADDR (.data)
                0x00000dda                __data_load_end = (__data_load_start + SIZEOF (.data))

.noinit         0x008000cf        0x0
                [!provide]                PROVIDE (__noinit_start, .)
 *(.noinit*)
                [!provide]                PROVIDE (__noinit_end, .)
                0x008000cf                _end = .
                [!provide]                PROVIDE (__heap_start, .)

.eeprom         0x00810000        0x0
 *(.eeprom*)
                0x00810000                __eeprom_end = .

.fuse
 *(.fuse)
 *(.lfuse)
 *(.hfuse)
 *(.efuse)

.lock
 *(.lock*)

.signature
 *(.signature*)

.user_signatures
 *(.user_signatures*)

.stab
 *(.stab)

.stabstr
 *(.stabstr)

.stab.excl
 *(.stab.excl)

.stab.exclstr
 *(.stab.exclstr)

.stab.index
 *(.stab.index)

.stab.indexstr
 *(.stab.indexstr)

.comment        0x00000000       0x30
 *(.comment)
 .comment       0x00000000       0x30 CFG/DIO_CFG.o
                                 0x31 (size before relaxing)
 .comment       0x00000030       0x31 HAL/LCD/LCD.o
 .comment       0x00000030       0x31 main.o
 .comment       0x00000030       0x31 MCAL/DIO/DIO.o
 .comment       0x00000030       0x31 MCAL/Timer/Timer.o
 .comment       0x00000030       0x31 OS/OS.o
 .comment       0x00000030       0x31 OS/Tasks.o
 .comment       0x00000030       0x31 Services/Timer_Serv/Timer_Serv.o

.note.gnu.avr.deviceinfo
                0x00000000       0x3c
 .note.gnu.avr.deviceinfo
                0x00000000       0x3c C:/Program Files (x86)/Atmel/Studio/7.0/Packs/atmel/ATmega_DFP/1.7.374/gcc/dev/atmega32/avr5/crtatmega32.o

.note.gnu.build-id
 *(.note.gnu.build-id)

.debug
 *(.debug)

.line
 *(.line)

.debug_srcinfo
 *(.debug_srcinfo)

.debug_sfnames
 *(.debug_sfnames)

.debug_aranges
 *(.debug_aranges)

.debug_pubnames
 *(.debug_pubnames)

.debug_info     0x00000000      0x4e6
 *(.debug_info .gnu.linkonce.wi.*)
 .debug_info    0x00000000      0x4e6 C:/Program Files (x86)/Atmel/Studio/7.0/Packs/atmel/ATmega_DFP/1.7.374/gcc/dev/atmega32/avr5/crtatmega32.o

.debug_abbrev   0x00000000      0x4a3
 *(.debug_abbrev)
 .debug_abbrev  0x00000000      0x4a3 C:/Program Files (x86)/Atmel/Studio/7.0/Packs/atmel/ATmega_DFP/1.7.374/gcc/dev/atmega32/avr5/crtatmega32.o

.debug_line     0x00000000      0x116
 *(.debug_line .debug_line.* .debug_line_end)
 .debug_line    0x00000000      0x116 C:/Program Files (x86)/Atmel/Studio/7.0/Packs/atmel/ATmega_DFP/1.7.374/gcc/dev/atmega32/avr5/crtatmega32.o

.debug_frame
 *(.debug_frame)

.debug_str      0x00000000      0x196
 *(.debug_str)
 .debug_str     0x00000000      0x196 C:/Program Files (x86)/Atmel/Studio/7.0/Packs/atmel/ATmega_DFP/1.7.374/gcc/dev/atmega32/avr5/crtatmega32.o

.debug_loc
 *(.debug_loc)

.debug_macinfo
 *(.debug_macinfo)

.debug_weaknames
 *(.debug_weaknames)

.debug_funcnames
 *(.debug_funcnames)

.debug_typenames
 *(.debug_typenames)

.debug_varnames
 *(.debug_varnames)

.debug_pubtypes
 *(.debug_pubtypes)

.debug_ranges
 *(.debug_ranges)

.debug_macro
 *(.debug_macro)
OUTPUT(NTI_Drivers.elf elf32-avr)
LOAD linker stubs
